{
    "test wgs": {
        "content": [
            72,
            {
                "BCFTOOLS_STATS": {
                    "bcftools": 1.21
                },
                "FASTP": {
                    "fastp": "0.24.0"
                },
                "FASTPLONG": {
                    "fastplong": "0.3.0"
                },
                "FASTQC": {
                    "fastqc": "0.12.1"
                },
                "MOSDEPTH": {
                    "mosdepth": "0.3.10"
                },
                "NANOPLOT": {
                    "nanoplot": "1.44.1"
                },
                "PICARD_COLLECTMULTIPLEMETRICS": {
                    "picard": "3.3.0"
                },
                "RSEQC_BAMSTAT": {
                    "rseqc": "5.0.2"
                },
                "SAMTOOLS_FAIDX": {
                    "samtools": 1.21
                },
                "SAMTOOLS_FASTQ": {
                    "samtools": 1.21
                },
                "SAMTOOLS_STATS": {
                    "samtools": 1.21
                },
                "SEQFU_STATS": {
                    "seqfu": "1.22.3"
                },
                "TABIX_TABIX": {
                    "tabix": 1.21
                },
                "Workflow": {
                    "GHGA AQuA": "v1.0.0dev"
                }
            },
            [
                "1234N",
                "1234N/bcftools",
                "1234N/bcftools/1234N.bcftools_stats.txt",
                "1234N/mosdepth",
                "1234N/mosdepth/1234N.mosdepth.global.dist.txt",
                "1234N/mosdepth/1234N.mosdepth.summary.txt",
                "1234N/picard",
                "1234N/picard/1234N.CollectMultipleMetrics.alignment_summary_metrics",
                "1234N/picard/1234N.CollectMultipleMetrics.base_distribution_by_cycle.pdf",
                "1234N/picard/1234N.CollectMultipleMetrics.base_distribution_by_cycle_metrics",
                "1234N/picard/1234N.CollectMultipleMetrics.insert_size_histogram.pdf",
                "1234N/picard/1234N.CollectMultipleMetrics.insert_size_metrics",
                "1234N/picard/1234N.CollectMultipleMetrics.quality_by_cycle.pdf",
                "1234N/picard/1234N.CollectMultipleMetrics.quality_by_cycle_metrics",
                "1234N/picard/1234N.CollectMultipleMetrics.quality_distribution.pdf",
                "1234N/picard/1234N.CollectMultipleMetrics.quality_distribution_metrics",
                "1234N/picard/1234N.CollectMultipleMetrics.read_length_histogram.pdf",
                "1234N/samtools",
                "1234N/samtools/1234N.stats",
                "1234T",
                "1234T/mosdepth",
                "1234T/mosdepth/1234T.mosdepth.global.dist.txt",
                "1234T/mosdepth/1234T.mosdepth.summary.txt",
                "1234T/picard",
                "1234T/picard/1234T.CollectMultipleMetrics.alignment_summary_metrics",
                "1234T/picard/1234T.CollectMultipleMetrics.base_distribution_by_cycle.pdf",
                "1234T/picard/1234T.CollectMultipleMetrics.base_distribution_by_cycle_metrics",
                "1234T/picard/1234T.CollectMultipleMetrics.insert_size_histogram.pdf",
                "1234T/picard/1234T.CollectMultipleMetrics.insert_size_metrics",
                "1234T/picard/1234T.CollectMultipleMetrics.quality_by_cycle.pdf",
                "1234T/picard/1234T.CollectMultipleMetrics.quality_by_cycle_metrics",
                "1234T/picard/1234T.CollectMultipleMetrics.quality_distribution.pdf",
                "1234T/picard/1234T.CollectMultipleMetrics.quality_distribution_metrics",
                "1234T/picard/1234T.CollectMultipleMetrics.read_length_histogram.pdf",
                "1234T/samtools",
                "1234T/samtools/1234T.stats",
                "ERR188383",
                "ERR188383/mosdepth",
                "ERR188383/mosdepth/ERR188383.mosdepth.global.dist.txt",
                "ERR188383/mosdepth/ERR188383.mosdepth.summary.txt",
                "ERR188383/picard",
                "ERR188383/picard/ERR188383.CollectMultipleMetrics.alignment_summary_metrics",
                "ERR188383/picard/ERR188383.CollectMultipleMetrics.base_distribution_by_cycle.pdf",
                "ERR188383/picard/ERR188383.CollectMultipleMetrics.base_distribution_by_cycle_metrics",
                "ERR188383/picard/ERR188383.CollectMultipleMetrics.insert_size_histogram.pdf",
                "ERR188383/picard/ERR188383.CollectMultipleMetrics.insert_size_metrics",
                "ERR188383/picard/ERR188383.CollectMultipleMetrics.quality_by_cycle.pdf",
                "ERR188383/picard/ERR188383.CollectMultipleMetrics.quality_by_cycle_metrics",
                "ERR188383/picard/ERR188383.CollectMultipleMetrics.quality_distribution.pdf",
                "ERR188383/picard/ERR188383.CollectMultipleMetrics.quality_distribution_metrics",
                "ERR188383/picard/ERR188383.CollectMultipleMetrics.read_length_histogram.pdf",
                "ERR188383/rseqc",
                "ERR188383/samtools",
                "ERR188383/samtools/ERR188383.stats",
                "ERR188428",
                "ERR188428/mosdepth",
                "ERR188428/mosdepth/ERR188428.mosdepth.global.dist.txt",
                "ERR188428/mosdepth/ERR188428.mosdepth.summary.txt",
                "ERR188428/picard",
                "ERR188428/picard/ERR188428.CollectMultipleMetrics.alignment_summary_metrics",
                "ERR188428/picard/ERR188428.CollectMultipleMetrics.base_distribution_by_cycle.pdf",
                "ERR188428/picard/ERR188428.CollectMultipleMetrics.base_distribution_by_cycle_metrics",
                "ERR188428/picard/ERR188428.CollectMultipleMetrics.insert_size_histogram.pdf",
                "ERR188428/picard/ERR188428.CollectMultipleMetrics.insert_size_metrics",
                "ERR188428/picard/ERR188428.CollectMultipleMetrics.quality_by_cycle.pdf",
                "ERR188428/picard/ERR188428.CollectMultipleMetrics.quality_by_cycle_metrics",
                "ERR188428/picard/ERR188428.CollectMultipleMetrics.quality_distribution.pdf",
                "ERR188428/picard/ERR188428.CollectMultipleMetrics.quality_distribution_metrics",
                "ERR188428/picard/ERR188428.CollectMultipleMetrics.read_length_histogram.pdf",
                "ERR188428/rseqc",
                "ERR188428/samtools",
                "ERR188428/samtools/ERR188428.stats",
                "ERR188454",
                "ERR188454/mosdepth",
                "ERR188454/mosdepth/ERR188454.mosdepth.global.dist.txt",
                "ERR188454/mosdepth/ERR188454.mosdepth.summary.txt",
                "ERR188454/picard",
                "ERR188454/picard/ERR188454.CollectMultipleMetrics.alignment_summary_metrics",
                "ERR188454/picard/ERR188454.CollectMultipleMetrics.base_distribution_by_cycle.pdf",
                "ERR188454/picard/ERR188454.CollectMultipleMetrics.base_distribution_by_cycle_metrics",
                "ERR188454/picard/ERR188454.CollectMultipleMetrics.insert_size_histogram.pdf",
                "ERR188454/picard/ERR188454.CollectMultipleMetrics.insert_size_metrics",
                "ERR188454/picard/ERR188454.CollectMultipleMetrics.quality_by_cycle.pdf",
                "ERR188454/picard/ERR188454.CollectMultipleMetrics.quality_by_cycle_metrics",
                "ERR188454/picard/ERR188454.CollectMultipleMetrics.quality_distribution.pdf",
                "ERR188454/picard/ERR188454.CollectMultipleMetrics.quality_distribution_metrics",
                "ERR188454/picard/ERR188454.CollectMultipleMetrics.read_length_histogram.pdf",
                "ERR188454/rseqc",
                "ERR188454/samtools",
                "ERR188454/samtools/ERR188454.stats",
                "ERR204916",
                "ERR204916/mosdepth",
                "ERR204916/mosdepth/ERR204916.mosdepth.global.dist.txt",
                "ERR204916/mosdepth/ERR204916.mosdepth.summary.txt",
                "ERR204916/picard",
                "ERR204916/picard/ERR204916.CollectMultipleMetrics.alignment_summary_metrics",
                "ERR204916/picard/ERR204916.CollectMultipleMetrics.base_distribution_by_cycle.pdf",
                "ERR204916/picard/ERR204916.CollectMultipleMetrics.base_distribution_by_cycle_metrics",
                "ERR204916/picard/ERR204916.CollectMultipleMetrics.insert_size_histogram.pdf",
                "ERR204916/picard/ERR204916.CollectMultipleMetrics.insert_size_metrics",
                "ERR204916/picard/ERR204916.CollectMultipleMetrics.quality_by_cycle.pdf",
                "ERR204916/picard/ERR204916.CollectMultipleMetrics.quality_by_cycle_metrics",
                "ERR204916/picard/ERR204916.CollectMultipleMetrics.quality_distribution.pdf",
                "ERR204916/picard/ERR204916.CollectMultipleMetrics.quality_distribution_metrics",
                "ERR204916/picard/ERR204916.CollectMultipleMetrics.read_length_histogram.pdf",
                "ERR204916/rseqc",
                "ERR204916/samtools",
                "ERR204916/samtools/ERR204916.stats",
                "MCF7",
                "MCF7/fastp",
                "MCF7/fastp/MCF7.fastp.html",
                "MCF7/fastp/MCF7.fastp.json",
                "MCF7/fastp/MCF7.fastp.log",
                "MCF7/fastqc",
                "MCF7/fastqc/MCF7_fastqc.html",
                "MCF7/fastqc/MCF7_fastqc.zip",
                "MCF7/nanoplot",
                "MCF7/nanoplot/LengthvsQualityScatterPlot_dot.html",
                "MCF7/nanoplot/LengthvsQualityScatterPlot_dot.png",
                "MCF7/nanoplot/LengthvsQualityScatterPlot_kde.html",
                "MCF7/nanoplot/LengthvsQualityScatterPlot_kde.png",
                "MCF7/nanoplot/NanoPlot-report.html",
                "MCF7/nanoplot/NanoPlot_20260316_1600.log",
                "MCF7/nanoplot/NanoStats.txt",
                "MCF7/nanoplot/Non_weightedHistogramReadlength.html",
                "MCF7/nanoplot/Non_weightedHistogramReadlength.png",
                "MCF7/nanoplot/Non_weightedLogTransformed_HistogramReadlength.html",
                "MCF7/nanoplot/Non_weightedLogTransformed_HistogramReadlength.png",
                "MCF7/nanoplot/WeightedHistogramReadlength.html",
                "MCF7/nanoplot/WeightedHistogramReadlength.png",
                "MCF7/nanoplot/WeightedLogTransformed_HistogramReadlength.html",
                "MCF7/nanoplot/WeightedLogTransformed_HistogramReadlength.png",
                "MCF7/nanoplot/Yield_By_Length.html",
                "MCF7/nanoplot/Yield_By_Length.png",
                "MCF7/seqfu",
                "MCF7/seqfu/MCF7.tsv",
                "OSMOTIC_STRESS_T0_PE",
                "OSMOTIC_STRESS_T0_PE/fastp",
                "OSMOTIC_STRESS_T0_PE/fastp/OSMOTIC_STRESS_T0_PE.fastp.html",
                "OSMOTIC_STRESS_T0_PE/fastp/OSMOTIC_STRESS_T0_PE.fastp.json",
                "OSMOTIC_STRESS_T0_PE/fastp/OSMOTIC_STRESS_T0_PE.fastp.log",
                "OSMOTIC_STRESS_T0_PE/fastqc",
                "OSMOTIC_STRESS_T0_PE/fastqc/OSMOTIC_STRESS_T0_PE_1_fastqc.html",
                "OSMOTIC_STRESS_T0_PE/fastqc/OSMOTIC_STRESS_T0_PE_1_fastqc.zip",
                "OSMOTIC_STRESS_T0_PE/fastqc/OSMOTIC_STRESS_T0_PE_2_fastqc.html",
                "OSMOTIC_STRESS_T0_PE/fastqc/OSMOTIC_STRESS_T0_PE_2_fastqc.zip",
                "OSMOTIC_STRESS_T0_PE/seqfu",
                "OSMOTIC_STRESS_T0_PE/seqfu/OSMOTIC_STRESS_T0_PE.tsv",
                "OSMOTIC_STRESS_T100_SE",
                "OSMOTIC_STRESS_T100_SE/fastp",
                "OSMOTIC_STRESS_T100_SE/fastp/OSMOTIC_STRESS_T100_SE.fastp.html",
                "OSMOTIC_STRESS_T100_SE/fastp/OSMOTIC_STRESS_T100_SE.fastp.json",
                "OSMOTIC_STRESS_T100_SE/fastp/OSMOTIC_STRESS_T100_SE.fastp.log",
                "OSMOTIC_STRESS_T100_SE/fastqc",
                "OSMOTIC_STRESS_T100_SE/fastqc/OSMOTIC_STRESS_T100_SE_fastqc.html",
                "OSMOTIC_STRESS_T100_SE/fastqc/OSMOTIC_STRESS_T100_SE_fastqc.zip",
                "OSMOTIC_STRESS_T100_SE/seqfu",
                "OSMOTIC_STRESS_T100_SE/seqfu/OSMOTIC_STRESS_T100_SE.tsv",
                "OSMOTIC_STRESS_T150_SE",
                "OSMOTIC_STRESS_T150_SE/fastp",
                "OSMOTIC_STRESS_T150_SE/fastp/OSMOTIC_STRESS_T150_SE.fastp.html",
                "OSMOTIC_STRESS_T150_SE/fastp/OSMOTIC_STRESS_T150_SE.fastp.json",
                "OSMOTIC_STRESS_T150_SE/fastp/OSMOTIC_STRESS_T150_SE.fastp.log",
                "OSMOTIC_STRESS_T150_SE/fastqc",
                "OSMOTIC_STRESS_T150_SE/fastqc/OSMOTIC_STRESS_T150_SE_fastqc.html",
                "OSMOTIC_STRESS_T150_SE/fastqc/OSMOTIC_STRESS_T150_SE_fastqc.zip",
                "OSMOTIC_STRESS_T150_SE/seqfu",
                "OSMOTIC_STRESS_T150_SE/seqfu/OSMOTIC_STRESS_T150_SE.tsv",
                "OSMOTIC_STRESS_T15_PE",
                "OSMOTIC_STRESS_T15_PE/fastp",
                "OSMOTIC_STRESS_T15_PE/fastp/OSMOTIC_STRESS_T15_PE.fastp.html",
                "OSMOTIC_STRESS_T15_PE/fastp/OSMOTIC_STRESS_T15_PE.fastp.json",
                "OSMOTIC_STRESS_T15_PE/fastp/OSMOTIC_STRESS_T15_PE.fastp.log",
                "OSMOTIC_STRESS_T15_PE/fastqc",
                "OSMOTIC_STRESS_T15_PE/fastqc/OSMOTIC_STRESS_T15_PE_1_fastqc.html",
                "OSMOTIC_STRESS_T15_PE/fastqc/OSMOTIC_STRESS_T15_PE_1_fastqc.zip",
                "OSMOTIC_STRESS_T15_PE/fastqc/OSMOTIC_STRESS_T15_PE_2_fastqc.html",
                "OSMOTIC_STRESS_T15_PE/fastqc/OSMOTIC_STRESS_T15_PE_2_fastqc.zip",
                "OSMOTIC_STRESS_T15_PE/seqfu",
                "OSMOTIC_STRESS_T15_PE/seqfu/OSMOTIC_STRESS_T15_PE.tsv",
                "SAMPLE1_PE",
                "SAMPLE1_PE/fastp",
                "SAMPLE1_PE/fastp/SAMPLE1_PE.fastp.html",
                "SAMPLE1_PE/fastp/SAMPLE1_PE.fastp.json",
                "SAMPLE1_PE/fastp/SAMPLE1_PE.fastp.log",
                "SAMPLE1_PE/fastqc",
                "SAMPLE1_PE/fastqc/SAMPLE1_PE_1_fastqc.html",
                "SAMPLE1_PE/fastqc/SAMPLE1_PE_1_fastqc.zip",
                "SAMPLE1_PE/fastqc/SAMPLE1_PE_2_fastqc.html",
                "SAMPLE1_PE/fastqc/SAMPLE1_PE_2_fastqc.zip",
                "SAMPLE1_PE/seqfu",
                "SAMPLE1_PE/seqfu/SAMPLE1_PE.tsv",
                "SAMPLE3_SE",
                "SAMPLE3_SE/fastp",
                "SAMPLE3_SE/fastp/SAMPLE3_SE.fastp.html",
                "SAMPLE3_SE/fastp/SAMPLE3_SE.fastp.json",
                "SAMPLE3_SE/fastp/SAMPLE3_SE.fastp.log",
                "SAMPLE3_SE/fastqc",
                "SAMPLE3_SE/fastqc/SAMPLE3_SE_fastqc.html",
                "SAMPLE3_SE/fastqc/SAMPLE3_SE_fastqc.zip",
                "SAMPLE3_SE/seqfu",
                "SAMPLE3_SE/seqfu/SAMPLE3_SE.tsv",
                "ccs_bam",
                "ccs_bam/fastplong",
                "ccs_bam/fastplong/ccs_bam.fastplong.html",
                "ccs_bam/fastplong/ccs_bam.fastplong.json",
                "ccs_bam/fastplong/ccs_bam.fastplong.log",
                "ccs_fastq",
                "ccs_fastq/fastplong",
                "ccs_fastq/fastplong/ccs_fastq.fastplong.html",
                "ccs_fastq/fastplong/ccs_fastq.fastplong.json",
                "ccs_fastq/fastplong/ccs_fastq.fastplong.log",
                "ccs_fastq/fastqc",
                "ccs_fastq/fastqc/ccs_fastq_fastqc.html",
                "ccs_fastq/fastqc/ccs_fastq_fastqc.zip",
                "multiqc",
                "multiqc/multiqc_data",
                "multiqc/multiqc_data/bcftools-stats-subtypes.txt",
                "multiqc/multiqc_data/bcftools_stats_indel-lengths.txt",
                "multiqc/multiqc_data/bcftools_stats_vqc_Count_Indels.txt",
                "multiqc/multiqc_data/bcftools_stats_vqc_Count_SNP.txt",
                "multiqc/multiqc_data/bcftools_stats_vqc_Count_Transitions.txt",
                "multiqc/multiqc_data/bcftools_stats_vqc_Count_Transversions.txt",
                "multiqc/multiqc_data/fastp-insert-size-plot.txt",
                "multiqc/multiqc_data/fastp-seq-content-gc-plot_Read_1_After_filtering.txt",
                "multiqc/multiqc_data/fastp-seq-content-gc-plot_Read_1_Before_filtering.txt",
                "multiqc/multiqc_data/fastp-seq-content-gc-plot_Read_2_After_filtering.txt",
                "multiqc/multiqc_data/fastp-seq-content-gc-plot_Read_2_Before_filtering.txt",
                "multiqc/multiqc_data/fastp-seq-content-n-plot_Read_1_After_filtering.txt",
                "multiqc/multiqc_data/fastp-seq-content-n-plot_Read_1_Before_filtering.txt",
                "multiqc/multiqc_data/fastp-seq-content-n-plot_Read_2_After_filtering.txt",
                "multiqc/multiqc_data/fastp-seq-content-n-plot_Read_2_Before_filtering.txt",
                "multiqc/multiqc_data/fastp-seq-quality-plot_Read_1_After_filtering.txt",
                "multiqc/multiqc_data/fastp-seq-quality-plot_Read_1_Before_filtering.txt",
                "multiqc/multiqc_data/fastp-seq-quality-plot_Read_2_After_filtering.txt",
                "multiqc/multiqc_data/fastp-seq-quality-plot_Read_2_Before_filtering.txt",
                "multiqc/multiqc_data/fastp_filtered_reads_plot.txt",
                "multiqc/multiqc_data/llms-full.txt",
                "multiqc/multiqc_data/mosdepth-coverage-per-contig-multi.txt",
                "multiqc/multiqc_data/mosdepth-cumcoverage-dist-id.txt",
                "multiqc/multiqc_data/mosdepth_cov_dist.txt",
                "multiqc/multiqc_data/mosdepth_cumcov_dist.txt",
                "multiqc/multiqc_data/mosdepth_perchrom.txt",
                "multiqc/multiqc_data/multiqc.log",
                "multiqc/multiqc_data/multiqc.parquet",
                "multiqc/multiqc_data/multiqc_bcftools_stats.txt",
                "multiqc/multiqc_data/multiqc_citations.txt",
                "multiqc/multiqc_data/multiqc_data.json",
                "multiqc/multiqc_data/multiqc_fastp.txt",
                "multiqc/multiqc_data/multiqc_general_stats.txt",
                "multiqc/multiqc_data/multiqc_picard_AlignmentSummaryMetrics.txt",
                "multiqc/multiqc_data/multiqc_picard_baseContent.txt",
                "multiqc/multiqc_data/multiqc_picard_insertSize.txt",
                "multiqc/multiqc_data/multiqc_picard_quality_by_cycle.txt",
                "multiqc/multiqc_data/multiqc_picard_quality_score_distribution.txt",
                "multiqc/multiqc_data/multiqc_rseqc_bam_stat.txt",
                "multiqc/multiqc_data/multiqc_samtools_stats.txt",
                "multiqc/multiqc_data/multiqc_software_versions.txt",
                "multiqc/multiqc_data/multiqc_sources.txt",
                "multiqc/multiqc_data/picard_MarkIlluminaAdapters_histogram.txt",
                "multiqc/multiqc_data/picard_MeanQualityByCycle_histogram.txt",
                "multiqc/multiqc_data/picard_MeanQualityByCycle_histogram_1.txt",
                "multiqc/multiqc_data/picard_QualityScoreDistribution_histogram.txt",
                "multiqc/multiqc_data/picard_alignment_readlength_plot.txt",
                "multiqc/multiqc_data/picard_alignment_summary_Aligned_Bases.txt",
                "multiqc/multiqc_data/picard_alignment_summary_Aligned_Reads.txt",
                "multiqc/multiqc_data/picard_base_distribution_by_cycle__Adenine.txt",
                "multiqc/multiqc_data/picard_base_distribution_by_cycle__Cytosine.txt",
                "multiqc/multiqc_data/picard_base_distribution_by_cycle__Guanine.txt",
                "multiqc/multiqc_data/picard_base_distribution_by_cycle__Thymine.txt",
                "multiqc/multiqc_data/picard_base_distribution_by_cycle__Undetermined.txt",
                "multiqc/multiqc_data/picard_insert_size_Counts.txt",
                "multiqc/multiqc_data/picard_insert_size_Percentages.txt",
                "multiqc/multiqc_data/picard_quality_by_cycle.txt",
                "multiqc/multiqc_data/picard_quality_score_distribution.txt",
                "multiqc/multiqc_data/rseqc_bam_stat.txt",
                "multiqc/multiqc_data/samtools-stats-dp.txt",
                "multiqc/multiqc_data/samtools_alignment_plot.txt",
                "multiqc/multiqc_plots",
                "multiqc/multiqc_plots/pdf",
                "multiqc/multiqc_plots/pdf/bcftools-stats-subtypes-cnt.pdf",
                "multiqc/multiqc_plots/pdf/bcftools-stats-subtypes-pct.pdf",
                "multiqc/multiqc_plots/pdf/bcftools_stats_indel-lengths-cnt.pdf",
                "multiqc/multiqc_plots/pdf/bcftools_stats_indel-lengths-log.pdf",
                "multiqc/multiqc_plots/pdf/bcftools_stats_vqc_Count_Indels.pdf",
                "multiqc/multiqc_plots/pdf/bcftools_stats_vqc_Count_SNP.pdf",
                "multiqc/multiqc_plots/pdf/bcftools_stats_vqc_Count_Transitions.pdf",
                "multiqc/multiqc_plots/pdf/bcftools_stats_vqc_Count_Transversions.pdf",
                "multiqc/multiqc_plots/pdf/fastp-insert-size-plot.pdf",
                "multiqc/multiqc_plots/pdf/fastp-seq-content-gc-plot_Read_1_After_filtering.pdf",
                "multiqc/multiqc_plots/pdf/fastp-seq-content-gc-plot_Read_1_Before_filtering.pdf",
                "multiqc/multiqc_plots/pdf/fastp-seq-content-gc-plot_Read_2_After_filtering.pdf",
                "multiqc/multiqc_plots/pdf/fastp-seq-content-gc-plot_Read_2_Before_filtering.pdf",
                "multiqc/multiqc_plots/pdf/fastp-seq-content-n-plot_Read_1_After_filtering.pdf",
                "multiqc/multiqc_plots/pdf/fastp-seq-content-n-plot_Read_1_Before_filtering.pdf",
                "multiqc/multiqc_plots/pdf/fastp-seq-content-n-plot_Read_2_After_filtering.pdf",
                "multiqc/multiqc_plots/pdf/fastp-seq-content-n-plot_Read_2_Before_filtering.pdf",
                "multiqc/multiqc_plots/pdf/fastp-seq-quality-plot_Read_1_After_filtering.pdf",
                "multiqc/multiqc_plots/pdf/fastp-seq-quality-plot_Read_1_Before_filtering.pdf",
                "multiqc/multiqc_plots/pdf/fastp-seq-quality-plot_Read_2_After_filtering.pdf",
                "multiqc/multiqc_plots/pdf/fastp-seq-quality-plot_Read_2_Before_filtering.pdf",
                "multiqc/multiqc_plots/pdf/fastp_filtered_reads_plot-cnt.pdf",
                "multiqc/multiqc_plots/pdf/fastp_filtered_reads_plot-pct.pdf",
                "multiqc/multiqc_plots/pdf/mosdepth-coverage-per-contig-multi-cnt.pdf",
                "multiqc/multiqc_plots/pdf/mosdepth-coverage-per-contig-multi-log.pdf",
                "multiqc/multiqc_plots/pdf/mosdepth-cumcoverage-dist-id.pdf",
                "multiqc/multiqc_plots/pdf/picard_alignment_readlength_plot.pdf",
                "multiqc/multiqc_plots/pdf/picard_alignment_summary_Aligned_Bases-cnt.pdf",
                "multiqc/multiqc_plots/pdf/picard_alignment_summary_Aligned_Bases-pct.pdf",
                "multiqc/multiqc_plots/pdf/picard_alignment_summary_Aligned_Reads-cnt.pdf",
                "multiqc/multiqc_plots/pdf/picard_alignment_summary_Aligned_Reads-pct.pdf",
                "multiqc/multiqc_plots/pdf/picard_base_distribution_by_cycle__Adenine.pdf",
                "multiqc/multiqc_plots/pdf/picard_base_distribution_by_cycle__Cytosine.pdf",
                "multiqc/multiqc_plots/pdf/picard_base_distribution_by_cycle__Guanine.pdf",
                "multiqc/multiqc_plots/pdf/picard_base_distribution_by_cycle__Thymine.pdf",
                "multiqc/multiqc_plots/pdf/picard_base_distribution_by_cycle__Undetermined.pdf",
                "multiqc/multiqc_plots/pdf/picard_insert_size_Counts.pdf",
                "multiqc/multiqc_plots/pdf/picard_insert_size_Percentages.pdf",
                "multiqc/multiqc_plots/pdf/picard_quality_by_cycle.pdf",
                "multiqc/multiqc_plots/pdf/picard_quality_score_distribution.pdf",
                "multiqc/multiqc_plots/pdf/rseqc_bam_stat.pdf",
                "multiqc/multiqc_plots/pdf/samtools-stats-dp.pdf",
                "multiqc/multiqc_plots/pdf/samtools_alignment_plot-cnt.pdf",
                "multiqc/multiqc_plots/pdf/samtools_alignment_plot-pct.pdf",
                "multiqc/multiqc_plots/png",
                "multiqc/multiqc_plots/png/bcftools-stats-subtypes-cnt.png",
                "multiqc/multiqc_plots/png/bcftools-stats-subtypes-pct.png",
                "multiqc/multiqc_plots/png/bcftools_stats_indel-lengths-cnt.png",
                "multiqc/multiqc_plots/png/bcftools_stats_indel-lengths-log.png",
                "multiqc/multiqc_plots/png/bcftools_stats_vqc_Count_Indels.png",
                "multiqc/multiqc_plots/png/bcftools_stats_vqc_Count_SNP.png",
                "multiqc/multiqc_plots/png/bcftools_stats_vqc_Count_Transitions.png",
                "multiqc/multiqc_plots/png/bcftools_stats_vqc_Count_Transversions.png",
                "multiqc/multiqc_plots/png/fastp-insert-size-plot.png",
                "multiqc/multiqc_plots/png/fastp-seq-content-gc-plot_Read_1_After_filtering.png",
                "multiqc/multiqc_plots/png/fastp-seq-content-gc-plot_Read_1_Before_filtering.png",
                "multiqc/multiqc_plots/png/fastp-seq-content-gc-plot_Read_2_After_filtering.png",
                "multiqc/multiqc_plots/png/fastp-seq-content-gc-plot_Read_2_Before_filtering.png",
                "multiqc/multiqc_plots/png/fastp-seq-content-n-plot_Read_1_After_filtering.png",
                "multiqc/multiqc_plots/png/fastp-seq-content-n-plot_Read_1_Before_filtering.png",
                "multiqc/multiqc_plots/png/fastp-seq-content-n-plot_Read_2_After_filtering.png",
                "multiqc/multiqc_plots/png/fastp-seq-content-n-plot_Read_2_Before_filtering.png",
                "multiqc/multiqc_plots/png/fastp-seq-quality-plot_Read_1_After_filtering.png",
                "multiqc/multiqc_plots/png/fastp-seq-quality-plot_Read_1_Before_filtering.png",
                "multiqc/multiqc_plots/png/fastp-seq-quality-plot_Read_2_After_filtering.png",
                "multiqc/multiqc_plots/png/fastp-seq-quality-plot_Read_2_Before_filtering.png",
                "multiqc/multiqc_plots/png/fastp_filtered_reads_plot-cnt.png",
                "multiqc/multiqc_plots/png/fastp_filtered_reads_plot-pct.png",
                "multiqc/multiqc_plots/png/mosdepth-coverage-per-contig-multi-cnt.png",
                "multiqc/multiqc_plots/png/mosdepth-coverage-per-contig-multi-log.png",
                "multiqc/multiqc_plots/png/mosdepth-cumcoverage-dist-id.png",
                "multiqc/multiqc_plots/png/picard_alignment_readlength_plot.png",
                "multiqc/multiqc_plots/png/picard_alignment_summary_Aligned_Bases-cnt.png",
                "multiqc/multiqc_plots/png/picard_alignment_summary_Aligned_Bases-pct.png",
                "multiqc/multiqc_plots/png/picard_alignment_summary_Aligned_Reads-cnt.png",
                "multiqc/multiqc_plots/png/picard_alignment_summary_Aligned_Reads-pct.png",
                "multiqc/multiqc_plots/png/picard_base_distribution_by_cycle__Adenine.png",
                "multiqc/multiqc_plots/png/picard_base_distribution_by_cycle__Cytosine.png",
                "multiqc/multiqc_plots/png/picard_base_distribution_by_cycle__Guanine.png",
                "multiqc/multiqc_plots/png/picard_base_distribution_by_cycle__Thymine.png",
                "multiqc/multiqc_plots/png/picard_base_distribution_by_cycle__Undetermined.png",
                "multiqc/multiqc_plots/png/picard_insert_size_Counts.png",
                "multiqc/multiqc_plots/png/picard_insert_size_Percentages.png",
                "multiqc/multiqc_plots/png/picard_quality_by_cycle.png",
                "multiqc/multiqc_plots/png/picard_quality_score_distribution.png",
                "multiqc/multiqc_plots/png/rseqc_bam_stat.png",
                "multiqc/multiqc_plots/png/samtools-stats-dp.png",
                "multiqc/multiqc_plots/png/samtools_alignment_plot-cnt.png",
                "multiqc/multiqc_plots/png/samtools_alignment_plot-pct.png",
                "multiqc/multiqc_plots/svg",
                "multiqc/multiqc_plots/svg/bcftools-stats-subtypes-cnt.svg",
                "multiqc/multiqc_plots/svg/bcftools-stats-subtypes-pct.svg",
                "multiqc/multiqc_plots/svg/bcftools_stats_indel-lengths-cnt.svg",
                "multiqc/multiqc_plots/svg/bcftools_stats_indel-lengths-log.svg",
                "multiqc/multiqc_plots/svg/bcftools_stats_vqc_Count_Indels.svg",
                "multiqc/multiqc_plots/svg/bcftools_stats_vqc_Count_SNP.svg",
                "multiqc/multiqc_plots/svg/bcftools_stats_vqc_Count_Transitions.svg",
                "multiqc/multiqc_plots/svg/bcftools_stats_vqc_Count_Transversions.svg",
                "multiqc/multiqc_plots/svg/fastp-insert-size-plot.svg",
                "multiqc/multiqc_plots/svg/fastp-seq-content-gc-plot_Read_1_After_filtering.svg",
                "multiqc/multiqc_plots/svg/fastp-seq-content-gc-plot_Read_1_Before_filtering.svg",
                "multiqc/multiqc_plots/svg/fastp-seq-content-gc-plot_Read_2_After_filtering.svg",
                "multiqc/multiqc_plots/svg/fastp-seq-content-gc-plot_Read_2_Before_filtering.svg",
                "multiqc/multiqc_plots/svg/fastp-seq-content-n-plot_Read_1_After_filtering.svg",
                "multiqc/multiqc_plots/svg/fastp-seq-content-n-plot_Read_1_Before_filtering.svg",
                "multiqc/multiqc_plots/svg/fastp-seq-content-n-plot_Read_2_After_filtering.svg",
                "multiqc/multiqc_plots/svg/fastp-seq-content-n-plot_Read_2_Before_filtering.svg",
                "multiqc/multiqc_plots/svg/fastp-seq-quality-plot_Read_1_After_filtering.svg",
                "multiqc/multiqc_plots/svg/fastp-seq-quality-plot_Read_1_Before_filtering.svg",
                "multiqc/multiqc_plots/svg/fastp-seq-quality-plot_Read_2_After_filtering.svg",
                "multiqc/multiqc_plots/svg/fastp-seq-quality-plot_Read_2_Before_filtering.svg",
                "multiqc/multiqc_plots/svg/fastp_filtered_reads_plot-cnt.svg",
                "multiqc/multiqc_plots/svg/fastp_filtered_reads_plot-pct.svg",
                "multiqc/multiqc_plots/svg/mosdepth-coverage-per-contig-multi-cnt.svg",
                "multiqc/multiqc_plots/svg/mosdepth-coverage-per-contig-multi-log.svg",
                "multiqc/multiqc_plots/svg/mosdepth-cumcoverage-dist-id.svg",
                "multiqc/multiqc_plots/svg/picard_alignment_readlength_plot.svg",
                "multiqc/multiqc_plots/svg/picard_alignment_summary_Aligned_Bases-cnt.svg",
                "multiqc/multiqc_plots/svg/picard_alignment_summary_Aligned_Bases-pct.svg",
                "multiqc/multiqc_plots/svg/picard_alignment_summary_Aligned_Reads-cnt.svg",
                "multiqc/multiqc_plots/svg/picard_alignment_summary_Aligned_Reads-pct.svg",
                "multiqc/multiqc_plots/svg/picard_base_distribution_by_cycle__Adenine.svg",
                "multiqc/multiqc_plots/svg/picard_base_distribution_by_cycle__Cytosine.svg",
                "multiqc/multiqc_plots/svg/picard_base_distribution_by_cycle__Guanine.svg",
                "multiqc/multiqc_plots/svg/picard_base_distribution_by_cycle__Thymine.svg",
                "multiqc/multiqc_plots/svg/picard_base_distribution_by_cycle__Undetermined.svg",
                "multiqc/multiqc_plots/svg/picard_insert_size_Counts.svg",
                "multiqc/multiqc_plots/svg/picard_insert_size_Percentages.svg",
                "multiqc/multiqc_plots/svg/picard_quality_by_cycle.svg",
                "multiqc/multiqc_plots/svg/picard_quality_score_distribution.svg",
                "multiqc/multiqc_plots/svg/rseqc_bam_stat.svg",
                "multiqc/multiqc_plots/svg/samtools-stats-dp.svg",
                "multiqc/multiqc_plots/svg/samtools_alignment_plot-cnt.svg",
                "multiqc/multiqc_plots/svg/samtools_alignment_plot-pct.svg",
                "multiqc/multiqc_report.html",
                "pipeline_info",
                "pipeline_info/qc_software_mqc_versions.yml",
                "samtools",
                "samtools/ERR188383.Aligned.out.bam.bai",
                "samtools/ERR188428.Aligned.out.bam.bai",
                "samtools/ERR188454.Aligned.out.bam.bai",
                "samtools/ERR204916.Aligned.out.bam.bai",
                "samtools/ccs_bam_1.fastq.gz",
                "samtools/ccs_bam_other.fastq.gz",
                "samtools/ccs_bam_singleton.fastq.gz"
            ],
            [
                "1234N.bcftools_stats.txt:md5,b12322b699d0b734ae8b9a8ca7fdc37d",
                "1234N.mosdepth.global.dist.txt:md5,59e9b7122f8404c99019849a8b7d3592",
                "1234N.mosdepth.summary.txt:md5,ba30a062c6335bbe0a23bae66aa5dc69",
                "1234N.CollectMultipleMetrics.alignment_summary_metrics:md5,1c25d3c9c9abd5d9fca60b1971f95bc0",
                "1234N.CollectMultipleMetrics.base_distribution_by_cycle_metrics:md5,4343795c42ab8c19da6fbf54e167abc7",
                "1234N.CollectMultipleMetrics.insert_size_metrics:md5,31bafe7fa0356a8e647a8fb843e96253",
                "1234N.CollectMultipleMetrics.quality_by_cycle_metrics:md5,ed515cdc74731b1c3d2071cec77a95c2",
                "1234N.CollectMultipleMetrics.quality_distribution_metrics:md5,364c22c1fd3f86f5017c96e576f3ec03",
                "1234N.stats:md5,90e9b095534dbd4f69f4beb2452e34e5",
                "1234T.mosdepth.global.dist.txt:md5,59e9b7122f8404c99019849a8b7d3592",
                "1234T.mosdepth.summary.txt:md5,ba30a062c6335bbe0a23bae66aa5dc69",
                "1234T.CollectMultipleMetrics.alignment_summary_metrics:md5,5002ae5e2db9167581b59ecebb3d6a4f",
                "1234T.CollectMultipleMetrics.base_distribution_by_cycle_metrics:md5,826bc40ca0cba14a725b44a5db6c2022",
                "1234T.CollectMultipleMetrics.insert_size_metrics:md5,d8aa3e36e26abc7613ae30998031e389",
                "1234T.CollectMultipleMetrics.quality_by_cycle_metrics:md5,eacfe2b613d194ce57de459cd8f0825b",
                "1234T.CollectMultipleMetrics.quality_distribution_metrics:md5,20a2e2e6c797b36cd426c97d58b5a085",
                "1234T.stats:md5,90e9b095534dbd4f69f4beb2452e34e5",
                "ERR188383.mosdepth.global.dist.txt:md5,4cc63f6e8f84399a35f486f557925215",
                "ERR188383.mosdepth.summary.txt:md5,9e5527bee560931e4b6909bc276c42fc",
                "ERR188383.CollectMultipleMetrics.alignment_summary_metrics:md5,da7cea29e1f4a3871828e977a97abf86",
                "ERR188383.CollectMultipleMetrics.base_distribution_by_cycle_metrics:md5,95dac89ca8a4b42024ddedc891f0dd66",
                "ERR188383.CollectMultipleMetrics.insert_size_metrics:md5,2fc81d6a447293c48bf188563b44e7fc",
                "ERR188383.CollectMultipleMetrics.quality_by_cycle_metrics:md5,863bc8813cf1df866db93496f2e62ebb",
                "ERR188383.CollectMultipleMetrics.quality_distribution_metrics:md5,0366dd37d3053f81b23622a685ed24cd",
                "ERR188383.stats:md5,b7f15b5cf1c16ead68ce0b69108ead62",
                "ERR188428.mosdepth.global.dist.txt:md5,4e231304191771a33d29c204e1778f10",
                "ERR188428.mosdepth.summary.txt:md5,13fdc15f7575b1d81b5dca81e89ce693",
                "ERR188428.CollectMultipleMetrics.alignment_summary_metrics:md5,f1435379d18151e1211081de90967674",
                "ERR188428.CollectMultipleMetrics.base_distribution_by_cycle_metrics:md5,ff23eccb08db715128d812aaecd8d7d5",
                "ERR188428.CollectMultipleMetrics.insert_size_metrics:md5,e9032896cd397c42d5669fafec3a31b3",
                "ERR188428.CollectMultipleMetrics.quality_by_cycle_metrics:md5,7d77941f8a4d1999b54c7c9d27292751",
                "ERR188428.CollectMultipleMetrics.quality_distribution_metrics:md5,d83e80bc2928788359dff7f5abf875d8",
                "ERR188428.stats:md5,75021e45b27f24bcd5990d3428fae382",
                "ERR188454.mosdepth.global.dist.txt:md5,66e1c4974079a4077e5f5229c44d02a4",
                "ERR188454.mosdepth.summary.txt:md5,b2bd7ec2b27e1aee63b4bc512be54d9d",
                "ERR188454.CollectMultipleMetrics.alignment_summary_metrics:md5,34896b11f0981049ef019b5054c4277f",
                "ERR188454.CollectMultipleMetrics.base_distribution_by_cycle_metrics:md5,7240ea0e999b9f17dbf3fc4604f52c42",
                "ERR188454.CollectMultipleMetrics.insert_size_metrics:md5,44496d1ab3dd5129f0652cd27fcfdd81",
                "ERR188454.CollectMultipleMetrics.quality_by_cycle_metrics:md5,96c61c675f220f41cae4565448d430c3",
                "ERR188454.CollectMultipleMetrics.quality_distribution_metrics:md5,8f296a0a8d23f4c5ee1c2b00e600b44d",
                "ERR188454.stats:md5,b6bdd7301b388386b020cb7c90d74af5",
                "ERR204916.mosdepth.global.dist.txt:md5,4e231304191771a33d29c204e1778f10",
                "ERR204916.mosdepth.summary.txt:md5,96ea15e3ca94710c3be5ccd88de85df9",
                "ERR204916.CollectMultipleMetrics.alignment_summary_metrics:md5,f49e384c591b5728c75e793dd2476bb5",
                "ERR204916.CollectMultipleMetrics.base_distribution_by_cycle_metrics:md5,055693dae55a7da7bd8e97e000952714",
                "ERR204916.CollectMultipleMetrics.insert_size_metrics:md5,9635b55fa9843ea51b667e3c164e0555",
                "ERR204916.CollectMultipleMetrics.quality_by_cycle_metrics:md5,c09b477dad73c05af60de72c8c5aa4c3",
                "ERR204916.CollectMultipleMetrics.quality_distribution_metrics:md5,62624714e286f5a160319df1c9db9b9c",
                "ERR204916.stats:md5,b9a70f63800642a0c802eacaab9d1319",
                "MCF7.fastp.html:md5,7537a2704718d71723ce80fae8837602",
                "MCF7.fastp.json:md5,022062edce1d47c58ddb0649d0366fc5",
                "MCF7.fastp.log:md5,e0a6d94b07d107f435d8fba16c837ec3",
                "MCF7_fastqc.html:md5,d8b81e52be10ac28cbc0ff2c163bdb74",
                "MCF7_fastqc.zip:md5,8a1ab08ed76db321d0df4b7ce8ec18d0",
                "LengthvsQualityScatterPlot_dot.html:md5,2aed60fe5f323546fa1ba5724495a260",
                "LengthvsQualityScatterPlot_dot.png:md5,d6ad97a364e22a166ab62322bbc78be2",
                "LengthvsQualityScatterPlot_kde.html:md5,db4674ae4fcf505e71b3b11caa95dc8c",
                "LengthvsQualityScatterPlot_kde.png:md5,eaee7c9ef97656d67a8443d78c0df806",
                "NanoPlot-report.html:md5,fa9ba4bb55ca5a7a84fb7929a24d8379",
                "NanoStats.txt:md5,2be0b9d5d99a0fd93c7ead6c2909a6a1",
                "Non_weightedHistogramReadlength.html:md5,2bdafea2f0e30e8b64e5fa5292d7afc6",
                "Non_weightedHistogramReadlength.png:md5,600045bcbe30d711ec1f6fc35e121c14",
                "Non_weightedLogTransformed_HistogramReadlength.html:md5,c0f8439c531f2dc3690a46e9f61c383d",
                "Non_weightedLogTransformed_HistogramReadlength.png:md5,67727a3530ce46464006b93a8f9d4aa8",
                "WeightedHistogramReadlength.html:md5,0148189be6e93977b996a4c8b9d2ca23",
                "WeightedHistogramReadlength.png:md5,6e04a793741418c36406926a88983858",
                "WeightedLogTransformed_HistogramReadlength.html:md5,6d2812558b622e964db3f791620a7ae8",
                "WeightedLogTransformed_HistogramReadlength.png:md5,bf86f0dc81dc37067099cfd567927ba6",
                "Yield_By_Length.html:md5,826fb82461579322b17803e64a598f7c",
                "Yield_By_Length.png:md5,30d87ae587f5bb84aedcddf2a3e040e3",
                "MCF7.tsv:md5,84206d017566cac04cf95672a4249d5e",
                "OSMOTIC_STRESS_T0_PE.fastp.html:md5,7f69d3e738fa9f618becd11e53e5b143",
                "OSMOTIC_STRESS_T0_PE.fastp.json:md5,99e7feeb3baa72e9a2d55612c224bec1",
                "OSMOTIC_STRESS_T0_PE.fastp.log:md5,211e8e597f5ce8f79aa3f9a00538d471",
                "OSMOTIC_STRESS_T0_PE_1_fastqc.html:md5,42a5b904d61df7c5775638362f88ce40",
                "OSMOTIC_STRESS_T0_PE_1_fastqc.zip:md5,f68f04e66e3155e3bf6e591eddbdd1ce",
                "OSMOTIC_STRESS_T0_PE_2_fastqc.html:md5,0fec8adc3c969045e5d08760cf376313",
                "OSMOTIC_STRESS_T0_PE_2_fastqc.zip:md5,08c9782e574a6041cfd09d3566ece7c8",
                "OSMOTIC_STRESS_T0_PE.tsv:md5,314a51d53be4876ae2f87b41174d5067",
                "OSMOTIC_STRESS_T100_SE.fastp.html:md5,c300e053d52b08d6dd30696e9946733f",
                "OSMOTIC_STRESS_T100_SE.fastp.json:md5,159fb17ca79726fa4abbd431c8cac5df",
                "OSMOTIC_STRESS_T100_SE.fastp.log:md5,d92140e7b7ac3836ed60bf0e3298ff44",
                "OSMOTIC_STRESS_T100_SE_fastqc.html:md5,2b367bf83edcb68a56d5678cf64fdf86",
                "OSMOTIC_STRESS_T100_SE_fastqc.zip:md5,cbd8dc1245001c10bd99468963927fac",
                "OSMOTIC_STRESS_T100_SE.tsv:md5,55ea0fb453091f8fd04ffe7e229ef99b",
                "OSMOTIC_STRESS_T150_SE.fastp.html:md5,6e7316ba05b0e482c4ace7c592cdd7fc",
                "OSMOTIC_STRESS_T150_SE.fastp.json:md5,f9180157cbe1a6fda5d2d30d4a2551fe",
                "OSMOTIC_STRESS_T150_SE.fastp.log:md5,d3bd786d441cd8251ed34a77e15c7270",
                "OSMOTIC_STRESS_T150_SE_fastqc.html:md5,abf10eb0997477b95edfde8ce8de2e2e",
                "OSMOTIC_STRESS_T150_SE_fastqc.zip:md5,5e75f0d092af8adb7027e0cefac739ff",
                "OSMOTIC_STRESS_T150_SE.tsv:md5,ba02bfa97622366d8fc4b09dec00722d",
                "OSMOTIC_STRESS_T15_PE.fastp.html:md5,58de025550da4f569854a5467703007b",
                "OSMOTIC_STRESS_T15_PE.fastp.json:md5,e51f762dd097d0faf8d55f5aafe40020",
                "OSMOTIC_STRESS_T15_PE.fastp.log:md5,9d45e388236d685fbc1d4e0386896d94",
                "OSMOTIC_STRESS_T15_PE_1_fastqc.html:md5,66f09d09455ac233902ccafb2ee38085",
                "OSMOTIC_STRESS_T15_PE_1_fastqc.zip:md5,0cd9d41a864276193f5532a8d95cd7bd",
                "OSMOTIC_STRESS_T15_PE_2_fastqc.html:md5,15c127752b2abc3fc4c9fc702981ecf5",
                "OSMOTIC_STRESS_T15_PE_2_fastqc.zip:md5,2e53aed230f09c387962e4b71ae14ad5",
                "OSMOTIC_STRESS_T15_PE.tsv:md5,1915fe8ecdbb8bb5196758f5861f0fe8",
                "SAMPLE1_PE.fastp.html:md5,878b1c0146b7cb03fb1a790cb4509d76",
                "SAMPLE1_PE.fastp.json:md5,e746346041fd61d27a0341f1fe72126a",
                "SAMPLE1_PE.fastp.log:md5,518fa6b486d6b09210e7d42a0f3d12b5",
                "SAMPLE1_PE_1_fastqc.html:md5,3daf133882fb91f48768acaf1e19ff48",
                "SAMPLE1_PE_1_fastqc.zip:md5,b609c4bf4cab3b3f402ebc22714d60aa",
                "SAMPLE1_PE_2_fastqc.html:md5,7d12893672979e54ad89a75a1b29b1d1",
                "SAMPLE1_PE_2_fastqc.zip:md5,e53ab600c4076cb85ace19f6372056a2",
                "SAMPLE1_PE.tsv:md5,6dd8a86c1ac2657539c2b26aa07a24d8",
                "SAMPLE3_SE.fastp.html:md5,cefb180ceb6423d53fe407afc6dac9f3",
                "SAMPLE3_SE.fastp.json:md5,5e8cb7f3a94e9f10d45c20e23f9c2cf5",
                "SAMPLE3_SE.fastp.log:md5,6597c1d26b20cba18dffe941e8c86ac8",
                "SAMPLE3_SE_fastqc.html:md5,995925ef722b7750282e2696ce886742",
                "SAMPLE3_SE_fastqc.zip:md5,01f70845de229221274246e111b0d80f",
                "SAMPLE3_SE.tsv:md5,3b3d82558f09aa0801a4ae9e96a870ce",
                "ccs_bam.fastplong.html:md5,377756b82bb60473137f30c0f84e7a90",
                "ccs_bam.fastplong.json:md5,0a48fa351027f856e268c2b74ccc2bfa",
                "ccs_bam.fastplong.log:md5,80f33dfe070e2d0b5fd1c62ccda9ee9e",
                "ccs_fastq.fastplong.html:md5,b62bef80fa247c7a7ea28eca241d924c",
                "ccs_fastq.fastplong.json:md5,78ad7d563bad646a3811c4d9a393e6e4",
                "ccs_fastq.fastplong.log:md5,36c441a974b7f4135ec1c4afe76a13b2",
                "ccs_fastq_fastqc.html:md5,9d8c22681d5db13373945de6a9e1d8a2",
                "ccs_fastq_fastqc.zip:md5,bd2dd13555907b8542a77287fa9255ef",
                "bcftools-stats-subtypes.txt:md5,64f9699a5d1e96a50deb315836e98abb",
                "bcftools_stats_indel-lengths.txt:md5,0e705bec045e8d44144200320657865f",
                "bcftools_stats_vqc_Count_Indels.txt:md5,e34e76350683f5b671513e333317bb8f",
                "bcftools_stats_vqc_Count_SNP.txt:md5,b3ff7234387a4c54fa897fd6fda8c0e1",
                "bcftools_stats_vqc_Count_Transitions.txt:md5,80e9a941385eda176aa1554c1701ccd8",
                "bcftools_stats_vqc_Count_Transversions.txt:md5,99ef65dc46a40844753fca38bc5c5338",
                "fastp-insert-size-plot.txt:md5,0bf71c7c03a45f03ffb05f5f48b726d9",
                "fastp-seq-content-gc-plot_Read_1_After_filtering.txt:md5,e8135cf23ab37abd4f4f25ca8e24ba03",
                "fastp-seq-content-gc-plot_Read_1_Before_filtering.txt:md5,25c359f61fe377f0b853801e6bbfd8bd",
                "fastp-seq-content-gc-plot_Read_2_After_filtering.txt:md5,5ba8d30eb59fa910137e9cbfeb2d291d",
                "fastp-seq-content-gc-plot_Read_2_Before_filtering.txt:md5,7a112f4c7bfb07299fbb3064a4bb914c",
                "fastp-seq-content-n-plot_Read_1_After_filtering.txt:md5,b839d3746b981b814914670907a8f25c",
                "fastp-seq-content-n-plot_Read_1_Before_filtering.txt:md5,c20a36c4282dfe3108f7d2090f13ae1d",
                "fastp-seq-content-n-plot_Read_2_After_filtering.txt:md5,ef1e94cc75e26d33ee0a9b3e8e9ffa45",
                "fastp-seq-content-n-plot_Read_2_Before_filtering.txt:md5,4ffe775e8867650f8c814f17f73971eb",
                "fastp-seq-quality-plot_Read_1_After_filtering.txt:md5,71c2f418955ab20a91c34333517a5551",
                "fastp-seq-quality-plot_Read_1_Before_filtering.txt:md5,cc94ab1d6e6c9301776ea4e40eea2b80",
                "fastp-seq-quality-plot_Read_2_After_filtering.txt:md5,bed6ee531d773afc1ded26e6a7fec548",
                "fastp-seq-quality-plot_Read_2_Before_filtering.txt:md5,a1322845afede169937d7850cbc1769c",
                "fastp_filtered_reads_plot.txt:md5,a1df752a9bf1fc8fb6d903a5c8a77d2f",
                "llms-full.txt:md5,4879009190aab3fe226ae4b9a34547f6",
                "mosdepth-coverage-per-contig-multi.txt:md5,32ddcd65dbe27856f4e061f0cb6ad35d",
                "mosdepth-cumcoverage-dist-id.txt:md5,ec7d1da5f91e5cefb3caa940a09ec338",
                "mosdepth_cov_dist.txt:md5,2193b00001f02bb9939a63ca830427a6",
                "mosdepth_cumcov_dist.txt:md5,2193b00001f02bb9939a63ca830427a6",
                "mosdepth_perchrom.txt:md5,28ca7c23d19d7106c57e1d8f81bf0d4d",
                "multiqc.parquet:md5,62828a5ae085aaa0f8b6bf81a7de2790",
                "multiqc_bcftools_stats.txt:md5,6af92b67cb7e01a9efce1ab397f4db95",
                "multiqc_citations.txt:md5,49c009320582633515250f5219836f35",
                "multiqc_fastp.txt:md5,e2ece62eadb2f90aace7d5e8d4f8d876",
                "multiqc_general_stats.txt:md5,7d46b6354a32724b819635e1b9271dc5",
                "multiqc_picard_AlignmentSummaryMetrics.txt:md5,ae63e6b79def03eec1199ad0790850ca",
                "multiqc_picard_baseContent.txt:md5,42338d36d591ba27c8a52e5a8663f9ba",
                "multiqc_picard_insertSize.txt:md5,8b64e61d407dd0fd9645687f3882a45c",
                "multiqc_picard_quality_by_cycle.txt:md5,15c201017155b961a3836bf7e8965fb8",
                "multiqc_picard_quality_score_distribution.txt:md5,b69c962bc9585aeaff2fb84dee970d4a",
                "multiqc_rseqc_bam_stat.txt:md5,795ef6e06f464d3e467d13c0f4da24ac",
                "multiqc_samtools_stats.txt:md5,d7ad221f74330c5207efe436145ef6de",
                "picard_MarkIlluminaAdapters_histogram.txt:md5,d41d8cd98f00b204e9800998ecf8427e",
                "picard_MeanQualityByCycle_histogram.txt:md5,d41d8cd98f00b204e9800998ecf8427e",
                "picard_MeanQualityByCycle_histogram_1.txt:md5,15c201017155b961a3836bf7e8965fb8",
                "picard_QualityScoreDistribution_histogram.txt:md5,b69c962bc9585aeaff2fb84dee970d4a",
                "picard_alignment_readlength_plot.txt:md5,d26cc3a49480458a0a8e16075e719b4b",
                "picard_alignment_summary_Aligned_Bases.txt:md5,58ef8f7b5fad2b90a654e36e22cb08a4",
                "picard_alignment_summary_Aligned_Reads.txt:md5,ec038482f56f0cb88b65ca7a411d3a18",
                "picard_base_distribution_by_cycle__Adenine.txt:md5,db8f204ee05cacfa30fe131235e4ff30",
                "picard_base_distribution_by_cycle__Cytosine.txt:md5,5cc0a284ed7b8057225790c8db7935b9",
                "picard_base_distribution_by_cycle__Guanine.txt:md5,962809997a1620b28e18933b20fe4644",
                "picard_base_distribution_by_cycle__Thymine.txt:md5,663c70ceff74fbb27609e2feb83bb0cf",
                "picard_base_distribution_by_cycle__Undetermined.txt:md5,65ed42e102c9daf071b0df2691922075",
                "picard_insert_size_Counts.txt:md5,be8b1781d04314bc24734bb4f853ff23",
                "picard_insert_size_Percentages.txt:md5,aa51198c6d8381a4098426cb8d61f0cb",
                "picard_quality_by_cycle.txt:md5,362aee436b0612b3c4b520544330832a",
                "picard_quality_score_distribution.txt:md5,6c59c67da78c3c1a393b31d9046a9b3b",
                "rseqc_bam_stat.txt:md5,908c58823d8f368e385cf0f921d1690b",
                "samtools-stats-dp.txt:md5,d2b803dae2961af848d77fca12e7f5e2",
                "samtools_alignment_plot.txt:md5,5c4a30c98c8caad67cb9b7dc676cc413",
                "ERR188383.Aligned.out.bam.bai:md5,710b133442903288f0e0614dea57d056",
                "ERR188428.Aligned.out.bam.bai:md5,a1ce6b50935f289fe37e50993d76bf8e",
                "ERR188454.Aligned.out.bam.bai:md5,6b6cf12090fde841d3babe4b713f73e7",
                "ERR204916.Aligned.out.bam.bai:md5,a6d7050ac386e520f7596fcb7b722fab",
                "ccs_bam_1.fastq.gz:md5,d41d8cd98f00b204e9800998ecf8427e",
                "ccs_bam_other.fastq.gz:md5,ce026e6b05113c474da0ef6570fbb04c",
                "ccs_bam_singleton.fastq.gz:md5,d41d8cd98f00b204e9800998ecf8427e"
            ]
        ],
        "timestamp": "2026-03-16T16:02:45.368965128",
        "meta": {
            "nf-test": "0.9.4",
            "nextflow": "25.10.4"
        }
    }
}