{
    "test wgs": {
        "content": [
            21,
            {
                "FASTP": {
                    "fastp": "0.24.0"
                },
                "FASTQC": {
                    "fastqc": "0.12.1"
                },
                "MOSDEPTH": {
                    "mosdepth": "0.3.10"
                },
                "PICARD_COLLECTMULTIPLEMETRICS": {
                    "picard": "3.3.0"
                },
                "SAMTOOLS_FAIDX": {
                    "samtools": 1.21
                },
                "SAMTOOLS_STATS": {
                    "samtools": 1.21
                },
                "SEQFU_STATS": {
                    "seqfu": "1.22.3"
                },
                "Workflow": {
                    "GHGA AQuA": "v1.0.0dev"
                }
            },
            [
                "multiqc",
                "multiqc/multiqc_data",
                "multiqc/multiqc_data/fastp-insert-size-plot.txt",
                "multiqc/multiqc_data/fastp-seq-content-gc-plot_Read_1_After_filtering.txt",
                "multiqc/multiqc_data/fastp-seq-content-gc-plot_Read_1_Before_filtering.txt",
                "multiqc/multiqc_data/fastp-seq-content-gc-plot_Read_2_After_filtering.txt",
                "multiqc/multiqc_data/fastp-seq-content-gc-plot_Read_2_Before_filtering.txt",
                "multiqc/multiqc_data/fastp-seq-content-n-plot_Read_1_After_filtering.txt",
                "multiqc/multiqc_data/fastp-seq-content-n-plot_Read_1_Before_filtering.txt",
                "multiqc/multiqc_data/fastp-seq-content-n-plot_Read_2_After_filtering.txt",
                "multiqc/multiqc_data/fastp-seq-content-n-plot_Read_2_Before_filtering.txt",
                "multiqc/multiqc_data/fastp-seq-quality-plot_Read_1_After_filtering.txt",
                "multiqc/multiqc_data/fastp-seq-quality-plot_Read_1_Before_filtering.txt",
                "multiqc/multiqc_data/fastp-seq-quality-plot_Read_2_After_filtering.txt",
                "multiqc/multiqc_data/fastp-seq-quality-plot_Read_2_Before_filtering.txt",
                "multiqc/multiqc_data/fastp_filtered_reads_plot.txt",
                "multiqc/multiqc_data/llms-full.txt",
                "multiqc/multiqc_data/mosdepth-coverage-per-contig-single.txt",
                "multiqc/multiqc_data/mosdepth-cumcoverage-dist-id.txt",
                "multiqc/multiqc_data/mosdepth_cov_dist.txt",
                "multiqc/multiqc_data/mosdepth_cumcov_dist.txt",
                "multiqc/multiqc_data/mosdepth_perchrom.txt",
                "multiqc/multiqc_data/multiqc.log",
                "multiqc/multiqc_data/multiqc.parquet",
                "multiqc/multiqc_data/multiqc_citations.txt",
                "multiqc/multiqc_data/multiqc_data.json",
                "multiqc/multiqc_data/multiqc_fastp.txt",
                "multiqc/multiqc_data/multiqc_general_stats.txt",
                "multiqc/multiqc_data/multiqc_picard_AlignmentSummaryMetrics.txt",
                "multiqc/multiqc_data/multiqc_picard_baseContent.txt",
                "multiqc/multiqc_data/multiqc_picard_insertSize.txt",
                "multiqc/multiqc_data/multiqc_picard_quality_by_cycle.txt",
                "multiqc/multiqc_data/multiqc_picard_quality_score_distribution.txt",
                "multiqc/multiqc_data/multiqc_samtools_stats.txt",
                "multiqc/multiqc_data/multiqc_software_versions.txt",
                "multiqc/multiqc_data/multiqc_sources.txt",
                "multiqc/multiqc_data/picard_MarkIlluminaAdapters_histogram.txt",
                "multiqc/multiqc_data/picard_MeanQualityByCycle_histogram.txt",
                "multiqc/multiqc_data/picard_MeanQualityByCycle_histogram_1.txt",
                "multiqc/multiqc_data/picard_QualityScoreDistribution_histogram.txt",
                "multiqc/multiqc_data/picard_alignment_readlength_plot.txt",
                "multiqc/multiqc_data/picard_alignment_summary_Aligned_Bases.txt",
                "multiqc/multiqc_data/picard_alignment_summary_Aligned_Reads.txt",
                "multiqc/multiqc_data/picard_base_distribution_by_cycle__Adenine.txt",
                "multiqc/multiqc_data/picard_base_distribution_by_cycle__Cytosine.txt",
                "multiqc/multiqc_data/picard_base_distribution_by_cycle__Guanine.txt",
                "multiqc/multiqc_data/picard_base_distribution_by_cycle__Thymine.txt",
                "multiqc/multiqc_data/picard_base_distribution_by_cycle__Undetermined.txt",
                "multiqc/multiqc_data/picard_insert_size_Counts.txt",
                "multiqc/multiqc_data/picard_insert_size_Percentages.txt",
                "multiqc/multiqc_data/picard_quality_by_cycle.txt",
                "multiqc/multiqc_data/picard_quality_score_distribution.txt",
                "multiqc/multiqc_data/samtools-stats-dp.txt",
                "multiqc/multiqc_data/samtools_alignment_plot.txt",
                "multiqc/multiqc_plots",
                "multiqc/multiqc_plots/pdf",
                "multiqc/multiqc_plots/pdf/fastp-insert-size-plot.pdf",
                "multiqc/multiqc_plots/pdf/fastp-seq-content-gc-plot_Read_1_After_filtering.pdf",
                "multiqc/multiqc_plots/pdf/fastp-seq-content-gc-plot_Read_1_Before_filtering.pdf",
                "multiqc/multiqc_plots/pdf/fastp-seq-content-gc-plot_Read_2_After_filtering.pdf",
                "multiqc/multiqc_plots/pdf/fastp-seq-content-gc-plot_Read_2_Before_filtering.pdf",
                "multiqc/multiqc_plots/pdf/fastp-seq-content-n-plot_Read_1_After_filtering.pdf",
                "multiqc/multiqc_plots/pdf/fastp-seq-content-n-plot_Read_1_Before_filtering.pdf",
                "multiqc/multiqc_plots/pdf/fastp-seq-content-n-plot_Read_2_After_filtering.pdf",
                "multiqc/multiqc_plots/pdf/fastp-seq-content-n-plot_Read_2_Before_filtering.pdf",
                "multiqc/multiqc_plots/pdf/fastp-seq-quality-plot_Read_1_After_filtering.pdf",
                "multiqc/multiqc_plots/pdf/fastp-seq-quality-plot_Read_1_Before_filtering.pdf",
                "multiqc/multiqc_plots/pdf/fastp-seq-quality-plot_Read_2_After_filtering.pdf",
                "multiqc/multiqc_plots/pdf/fastp-seq-quality-plot_Read_2_Before_filtering.pdf",
                "multiqc/multiqc_plots/pdf/fastp_filtered_reads_plot-cnt.pdf",
                "multiqc/multiqc_plots/pdf/fastp_filtered_reads_plot-pct.pdf",
                "multiqc/multiqc_plots/pdf/mosdepth-coverage-per-contig-single-cnt.pdf",
                "multiqc/multiqc_plots/pdf/mosdepth-coverage-per-contig-single-pct.pdf",
                "multiqc/multiqc_plots/pdf/mosdepth-cumcoverage-dist-id.pdf",
                "multiqc/multiqc_plots/pdf/picard_alignment_readlength_plot.pdf",
                "multiqc/multiqc_plots/pdf/picard_alignment_summary_Aligned_Bases-cnt.pdf",
                "multiqc/multiqc_plots/pdf/picard_alignment_summary_Aligned_Bases-pct.pdf",
                "multiqc/multiqc_plots/pdf/picard_alignment_summary_Aligned_Reads-cnt.pdf",
                "multiqc/multiqc_plots/pdf/picard_alignment_summary_Aligned_Reads-pct.pdf",
                "multiqc/multiqc_plots/pdf/picard_base_distribution_by_cycle__Adenine.pdf",
                "multiqc/multiqc_plots/pdf/picard_base_distribution_by_cycle__Cytosine.pdf",
                "multiqc/multiqc_plots/pdf/picard_base_distribution_by_cycle__Guanine.pdf",
                "multiqc/multiqc_plots/pdf/picard_base_distribution_by_cycle__Thymine.pdf",
                "multiqc/multiqc_plots/pdf/picard_base_distribution_by_cycle__Undetermined.pdf",
                "multiqc/multiqc_plots/pdf/picard_insert_size_Counts.pdf",
                "multiqc/multiqc_plots/pdf/picard_insert_size_Percentages.pdf",
                "multiqc/multiqc_plots/pdf/picard_quality_by_cycle.pdf",
                "multiqc/multiqc_plots/pdf/picard_quality_score_distribution.pdf",
                "multiqc/multiqc_plots/pdf/samtools-stats-dp.pdf",
                "multiqc/multiqc_plots/pdf/samtools_alignment_plot-cnt.pdf",
                "multiqc/multiqc_plots/pdf/samtools_alignment_plot-pct.pdf",
                "multiqc/multiqc_plots/png",
                "multiqc/multiqc_plots/png/fastp-insert-size-plot.png",
                "multiqc/multiqc_plots/png/fastp-seq-content-gc-plot_Read_1_After_filtering.png",
                "multiqc/multiqc_plots/png/fastp-seq-content-gc-plot_Read_1_Before_filtering.png",
                "multiqc/multiqc_plots/png/fastp-seq-content-gc-plot_Read_2_After_filtering.png",
                "multiqc/multiqc_plots/png/fastp-seq-content-gc-plot_Read_2_Before_filtering.png",
                "multiqc/multiqc_plots/png/fastp-seq-content-n-plot_Read_1_After_filtering.png",
                "multiqc/multiqc_plots/png/fastp-seq-content-n-plot_Read_1_Before_filtering.png",
                "multiqc/multiqc_plots/png/fastp-seq-content-n-plot_Read_2_After_filtering.png",
                "multiqc/multiqc_plots/png/fastp-seq-content-n-plot_Read_2_Before_filtering.png",
                "multiqc/multiqc_plots/png/fastp-seq-quality-plot_Read_1_After_filtering.png",
                "multiqc/multiqc_plots/png/fastp-seq-quality-plot_Read_1_Before_filtering.png",
                "multiqc/multiqc_plots/png/fastp-seq-quality-plot_Read_2_After_filtering.png",
                "multiqc/multiqc_plots/png/fastp-seq-quality-plot_Read_2_Before_filtering.png",
                "multiqc/multiqc_plots/png/fastp_filtered_reads_plot-cnt.png",
                "multiqc/multiqc_plots/png/fastp_filtered_reads_plot-pct.png",
                "multiqc/multiqc_plots/png/mosdepth-coverage-per-contig-single-cnt.png",
                "multiqc/multiqc_plots/png/mosdepth-coverage-per-contig-single-pct.png",
                "multiqc/multiqc_plots/png/mosdepth-cumcoverage-dist-id.png",
                "multiqc/multiqc_plots/png/picard_alignment_readlength_plot.png",
                "multiqc/multiqc_plots/png/picard_alignment_summary_Aligned_Bases-cnt.png",
                "multiqc/multiqc_plots/png/picard_alignment_summary_Aligned_Bases-pct.png",
                "multiqc/multiqc_plots/png/picard_alignment_summary_Aligned_Reads-cnt.png",
                "multiqc/multiqc_plots/png/picard_alignment_summary_Aligned_Reads-pct.png",
                "multiqc/multiqc_plots/png/picard_base_distribution_by_cycle__Adenine.png",
                "multiqc/multiqc_plots/png/picard_base_distribution_by_cycle__Cytosine.png",
                "multiqc/multiqc_plots/png/picard_base_distribution_by_cycle__Guanine.png",
                "multiqc/multiqc_plots/png/picard_base_distribution_by_cycle__Thymine.png",
                "multiqc/multiqc_plots/png/picard_base_distribution_by_cycle__Undetermined.png",
                "multiqc/multiqc_plots/png/picard_insert_size_Counts.png",
                "multiqc/multiqc_plots/png/picard_insert_size_Percentages.png",
                "multiqc/multiqc_plots/png/picard_quality_by_cycle.png",
                "multiqc/multiqc_plots/png/picard_quality_score_distribution.png",
                "multiqc/multiqc_plots/png/samtools-stats-dp.png",
                "multiqc/multiqc_plots/png/samtools_alignment_plot-cnt.png",
                "multiqc/multiqc_plots/png/samtools_alignment_plot-pct.png",
                "multiqc/multiqc_plots/svg",
                "multiqc/multiqc_plots/svg/fastp-insert-size-plot.svg",
                "multiqc/multiqc_plots/svg/fastp-seq-content-gc-plot_Read_1_After_filtering.svg",
                "multiqc/multiqc_plots/svg/fastp-seq-content-gc-plot_Read_1_Before_filtering.svg",
                "multiqc/multiqc_plots/svg/fastp-seq-content-gc-plot_Read_2_After_filtering.svg",
                "multiqc/multiqc_plots/svg/fastp-seq-content-gc-plot_Read_2_Before_filtering.svg",
                "multiqc/multiqc_plots/svg/fastp-seq-content-n-plot_Read_1_After_filtering.svg",
                "multiqc/multiqc_plots/svg/fastp-seq-content-n-plot_Read_1_Before_filtering.svg",
                "multiqc/multiqc_plots/svg/fastp-seq-content-n-plot_Read_2_After_filtering.svg",
                "multiqc/multiqc_plots/svg/fastp-seq-content-n-plot_Read_2_Before_filtering.svg",
                "multiqc/multiqc_plots/svg/fastp-seq-quality-plot_Read_1_After_filtering.svg",
                "multiqc/multiqc_plots/svg/fastp-seq-quality-plot_Read_1_Before_filtering.svg",
                "multiqc/multiqc_plots/svg/fastp-seq-quality-plot_Read_2_After_filtering.svg",
                "multiqc/multiqc_plots/svg/fastp-seq-quality-plot_Read_2_Before_filtering.svg",
                "multiqc/multiqc_plots/svg/fastp_filtered_reads_plot-cnt.svg",
                "multiqc/multiqc_plots/svg/fastp_filtered_reads_plot-pct.svg",
                "multiqc/multiqc_plots/svg/mosdepth-coverage-per-contig-single-cnt.svg",
                "multiqc/multiqc_plots/svg/mosdepth-coverage-per-contig-single-pct.svg",
                "multiqc/multiqc_plots/svg/mosdepth-cumcoverage-dist-id.svg",
                "multiqc/multiqc_plots/svg/picard_alignment_readlength_plot.svg",
                "multiqc/multiqc_plots/svg/picard_alignment_summary_Aligned_Bases-cnt.svg",
                "multiqc/multiqc_plots/svg/picard_alignment_summary_Aligned_Bases-pct.svg",
                "multiqc/multiqc_plots/svg/picard_alignment_summary_Aligned_Reads-cnt.svg",
                "multiqc/multiqc_plots/svg/picard_alignment_summary_Aligned_Reads-pct.svg",
                "multiqc/multiqc_plots/svg/picard_base_distribution_by_cycle__Adenine.svg",
                "multiqc/multiqc_plots/svg/picard_base_distribution_by_cycle__Cytosine.svg",
                "multiqc/multiqc_plots/svg/picard_base_distribution_by_cycle__Guanine.svg",
                "multiqc/multiqc_plots/svg/picard_base_distribution_by_cycle__Thymine.svg",
                "multiqc/multiqc_plots/svg/picard_base_distribution_by_cycle__Undetermined.svg",
                "multiqc/multiqc_plots/svg/picard_insert_size_Counts.svg",
                "multiqc/multiqc_plots/svg/picard_insert_size_Percentages.svg",
                "multiqc/multiqc_plots/svg/picard_quality_by_cycle.svg",
                "multiqc/multiqc_plots/svg/picard_quality_score_distribution.svg",
                "multiqc/multiqc_plots/svg/samtools-stats-dp.svg",
                "multiqc/multiqc_plots/svg/samtools_alignment_plot-cnt.svg",
                "multiqc/multiqc_plots/svg/samtools_alignment_plot-pct.svg",
                "multiqc/multiqc_report.html",
                "multiqc_mapper",
                "multiqc_mapper/unified.tsv",
                "pipeline_info",
                "pipeline_info/qc_software_mqc_versions.yml",
                "test",
                "test/fastp",
                "test/fastp/test.fastp.html",
                "test/fastp/test.fastp.json",
                "test/fastp/test.fastp.log",
                "test/fastqc",
                "test/fastqc/test_1_fastqc.html",
                "test/fastqc/test_1_fastqc.zip",
                "test/fastqc/test_2_fastqc.html",
                "test/fastqc/test_2_fastqc.zip",
                "test/mosdepth",
                "test/mosdepth/test.mosdepth.global.dist.txt",
                "test/mosdepth/test.mosdepth.summary.txt",
                "test/picard",
                "test/picard/test.CollectMultipleMetrics.alignment_summary_metrics",
                "test/picard/test.CollectMultipleMetrics.base_distribution_by_cycle.pdf",
                "test/picard/test.CollectMultipleMetrics.base_distribution_by_cycle_metrics",
                "test/picard/test.CollectMultipleMetrics.insert_size_histogram.pdf",
                "test/picard/test.CollectMultipleMetrics.insert_size_metrics",
                "test/picard/test.CollectMultipleMetrics.quality_by_cycle.pdf",
                "test/picard/test.CollectMultipleMetrics.quality_by_cycle_metrics",
                "test/picard/test.CollectMultipleMetrics.quality_distribution.pdf",
                "test/picard/test.CollectMultipleMetrics.quality_distribution_metrics",
                "test/picard/test.CollectMultipleMetrics.read_length_histogram.pdf",
                "test/samtools",
                "test/samtools/test.stats",
                "test/seqfu",
                "test/seqfu/test.tsv",
                "test2",
                "test2/fastp",
                "test2/fastp/test2.fastp.html",
                "test2/fastp/test2.fastp.json",
                "test2/fastp/test2.fastp.log",
                "test2/fastqc",
                "test2/fastqc/test2_1_fastqc.html",
                "test2/fastqc/test2_1_fastqc.zip",
                "test2/fastqc/test2_2_fastqc.html",
                "test2/fastqc/test2_2_fastqc.zip",
                "test2/mosdepth",
                "test2/mosdepth/test2.mosdepth.global.dist.txt",
                "test2/mosdepth/test2.mosdepth.summary.txt",
                "test2/picard",
                "test2/picard/test2.CollectMultipleMetrics.alignment_summary_metrics",
                "test2/picard/test2.CollectMultipleMetrics.base_distribution_by_cycle.pdf",
                "test2/picard/test2.CollectMultipleMetrics.base_distribution_by_cycle_metrics",
                "test2/picard/test2.CollectMultipleMetrics.insert_size_histogram.pdf",
                "test2/picard/test2.CollectMultipleMetrics.insert_size_metrics",
                "test2/picard/test2.CollectMultipleMetrics.quality_by_cycle.pdf",
                "test2/picard/test2.CollectMultipleMetrics.quality_by_cycle_metrics",
                "test2/picard/test2.CollectMultipleMetrics.quality_distribution.pdf",
                "test2/picard/test2.CollectMultipleMetrics.quality_distribution_metrics",
                "test2/picard/test2.CollectMultipleMetrics.read_length_histogram.pdf",
                "test2/samtools",
                "test2/samtools/test2.stats",
                "test2/seqfu",
                "test2/seqfu/test2.tsv",
                "test2_cram",
                "test2_cram/mosdepth",
                "test2_cram/mosdepth/test2_cram.mosdepth.global.dist.txt",
                "test2_cram/mosdepth/test2_cram.mosdepth.summary.txt",
                "test2_cram/picard",
                "test2_cram/picard/test2_cram.CollectMultipleMetrics.alignment_summary_metrics",
                "test2_cram/picard/test2_cram.CollectMultipleMetrics.base_distribution_by_cycle.pdf",
                "test2_cram/picard/test2_cram.CollectMultipleMetrics.base_distribution_by_cycle_metrics",
                "test2_cram/picard/test2_cram.CollectMultipleMetrics.insert_size_histogram.pdf",
                "test2_cram/picard/test2_cram.CollectMultipleMetrics.insert_size_metrics",
                "test2_cram/picard/test2_cram.CollectMultipleMetrics.quality_by_cycle.pdf",
                "test2_cram/picard/test2_cram.CollectMultipleMetrics.quality_by_cycle_metrics",
                "test2_cram/picard/test2_cram.CollectMultipleMetrics.quality_distribution.pdf",
                "test2_cram/picard/test2_cram.CollectMultipleMetrics.quality_distribution_metrics",
                "test2_cram/picard/test2_cram.CollectMultipleMetrics.read_length_histogram.pdf",
                "test2_cram/samtools",
                "test2_cram/samtools/test2_cram.stats",
                "test_cram",
                "test_cram/mosdepth",
                "test_cram/mosdepth/test_cram.mosdepth.global.dist.txt",
                "test_cram/mosdepth/test_cram.mosdepth.summary.txt",
                "test_cram/picard",
                "test_cram/picard/test_cram.CollectMultipleMetrics.alignment_summary_metrics",
                "test_cram/picard/test_cram.CollectMultipleMetrics.base_distribution_by_cycle.pdf",
                "test_cram/picard/test_cram.CollectMultipleMetrics.base_distribution_by_cycle_metrics",
                "test_cram/picard/test_cram.CollectMultipleMetrics.insert_size_histogram.pdf",
                "test_cram/picard/test_cram.CollectMultipleMetrics.insert_size_metrics",
                "test_cram/picard/test_cram.CollectMultipleMetrics.quality_by_cycle.pdf",
                "test_cram/picard/test_cram.CollectMultipleMetrics.quality_by_cycle_metrics",
                "test_cram/picard/test_cram.CollectMultipleMetrics.quality_distribution.pdf",
                "test_cram/picard/test_cram.CollectMultipleMetrics.quality_distribution_metrics",
                "test_cram/picard/test_cram.CollectMultipleMetrics.read_length_histogram.pdf",
                "test_cram/samtools",
                "test_cram/samtools/test_cram.stats"
            ],
            [
                "fastp-insert-size-plot.txt:md5,30cf2afe17ddda4e32645d3a32c291b8",
                "fastp-seq-content-gc-plot_Read_1_After_filtering.txt:md5,fc30861b89573598c5276f7c3ac5baf0",
                "fastp-seq-content-gc-plot_Read_1_Before_filtering.txt:md5,cc04e4efcb91fb555cbaffcfd07190cc",
                "fastp-seq-content-gc-plot_Read_2_After_filtering.txt:md5,367cd0323e02f0e087b13b8c95966a5f",
                "fastp-seq-content-gc-plot_Read_2_Before_filtering.txt:md5,628062b416541cd8f305efe74ba59a65",
                "fastp-seq-content-n-plot_Read_1_After_filtering.txt:md5,5d1d29ead87561f44f35cbec6972a733",
                "fastp-seq-content-n-plot_Read_1_Before_filtering.txt:md5,5d1d29ead87561f44f35cbec6972a733",
                "fastp-seq-content-n-plot_Read_2_After_filtering.txt:md5,f0d9db98b19425ab95164c445f1b3d16",
                "fastp-seq-content-n-plot_Read_2_Before_filtering.txt:md5,f0d9db98b19425ab95164c445f1b3d16",
                "fastp-seq-quality-plot_Read_1_After_filtering.txt:md5,011656a5719ce35be4f5f8eea114572a",
                "fastp-seq-quality-plot_Read_1_Before_filtering.txt:md5,686af9a69e3aa6777959a33b41d0cd0f",
                "fastp-seq-quality-plot_Read_2_After_filtering.txt:md5,dc8fbdce5dc871ebff229a1e6cff9019",
                "fastp-seq-quality-plot_Read_2_Before_filtering.txt:md5,39eab0a211855fe8a4be90fd3534ad53",
                "fastp_filtered_reads_plot.txt:md5,b874f7fd4cae0c1799079bd8b08e491a",
                "llms-full.txt:md5,28916b295cd2c6146b82b3c0d42e0735",
                "mosdepth-coverage-per-contig-single.txt:md5,2ef90e1a6d26a063e81e9b8aa6054bcd",
                "mosdepth-cumcoverage-dist-id.txt:md5,32663d0ebd78bdba888980ca7b13b097",
                "mosdepth_cov_dist.txt:md5,2a9b2d5bff15c3901986c9d360e09ccb",
                "mosdepth_cumcov_dist.txt:md5,2a9b2d5bff15c3901986c9d360e09ccb",
                "mosdepth_perchrom.txt:md5,b7f04056aa5fa20bd8c390e4555c2d4b",
                "multiqc.parquet:md5,8e2fc733cf913daf9ca0b7813328aa58",
                "multiqc_citations.txt:md5,1a4b7bba1670272e67823b3c02466656",
                "multiqc_fastp.txt:md5,b7efbf74ae3a00735d8d14e1fd4b7107",
                "multiqc_general_stats.txt:md5,ac966d9f600cc137c00ef20c360c2c0e",
                "multiqc_picard_AlignmentSummaryMetrics.txt:md5,c95f1702ed3b6b26b83abc2cc86dcbe2",
                "multiqc_picard_baseContent.txt:md5,8180ba35b20d2e28dd183080ae2a7410",
                "multiqc_picard_insertSize.txt:md5,5430a055e5662692d909c14dc50a5a2f",
                "multiqc_picard_quality_by_cycle.txt:md5,7bc0719fd96b557f4d0231e2404f1911",
                "multiqc_picard_quality_score_distribution.txt:md5,5cf250ab4e4e5b5655d06a05dd6ff1e6",
                "multiqc_samtools_stats.txt:md5,fab20ac7c966caeffbab5cca1532da5d",
                "picard_MarkIlluminaAdapters_histogram.txt:md5,d41d8cd98f00b204e9800998ecf8427e",
                "picard_MeanQualityByCycle_histogram.txt:md5,d41d8cd98f00b204e9800998ecf8427e",
                "picard_MeanQualityByCycle_histogram_1.txt:md5,7bc0719fd96b557f4d0231e2404f1911",
                "picard_QualityScoreDistribution_histogram.txt:md5,5cf250ab4e4e5b5655d06a05dd6ff1e6",
                "picard_alignment_readlength_plot.txt:md5,6fcc3eb28bc44df2a7670b844d70cbaf",
                "picard_alignment_summary_Aligned_Bases.txt:md5,04d73162ca5739aa045785af98e4940d",
                "picard_alignment_summary_Aligned_Reads.txt:md5,6b87b26be33b6268c7cb4ad7e103c142",
                "picard_base_distribution_by_cycle__Adenine.txt:md5,2334e8759317cf9931a5e13632e80b6c",
                "picard_base_distribution_by_cycle__Cytosine.txt:md5,53ad2dd3713301a0914be954dd3ede9d",
                "picard_base_distribution_by_cycle__Guanine.txt:md5,f14e8d992b895593118fdf2264d5d26e",
                "picard_base_distribution_by_cycle__Thymine.txt:md5,04097c64554cd2dd9217837cf66eee60",
                "picard_base_distribution_by_cycle__Undetermined.txt:md5,66374cf1603e92b2f1baab13e89eb758",
                "picard_insert_size_Counts.txt:md5,28de91e9142dcf21d23e1caf45c17560",
                "picard_insert_size_Percentages.txt:md5,9e0213bf3e32eeba8c80023144d8a9e0",
                "picard_quality_by_cycle.txt:md5,df0d6c34465b0f93c94859885a1bc098",
                "picard_quality_score_distribution.txt:md5,2de113e5b0edc425640d26b459818629",
                "samtools-stats-dp.txt:md5,ebeb88271bc74659ce6f26e9f05b2758",
                "samtools_alignment_plot.txt:md5,3030dda702f9d8e1810234437fbe4402",
                "unified.tsv:md5,7ac46d0caf6b1163b9d18dd87ea60efb",
                "test.fastp.html:md5,0090cbf2bb749f82911f0df5f2c7aba6",
                "test.fastp.json:md5,c5433aaf54b5aa7b2faa10ed22f65fde",
                "test.fastp.log:md5,5fb40b206cf55958b663eab68b612730",
                "test_1_fastqc.html:md5,d7a1ac1ef0658a70d72547eca8e19e97",
                "test_1_fastqc.zip:md5,f12fd5aac363e2246b0901b849c6a17e",
                "test_2_fastqc.html:md5,7e8c90b8a54f9a04c71f2212bd670196",
                "test_2_fastqc.zip:md5,8bbdfa17ba81628d54337fe0725cca1e",
                "test.mosdepth.global.dist.txt:md5,e82e90c7d508a135b5a8a7cd6933452e",
                "test.mosdepth.summary.txt:md5,4f0d231060cbde4efdd673863bd2fb59",
                "test.CollectMultipleMetrics.alignment_summary_metrics:md5,28eed9765f7a817d07e42efffe609d60",
                "test.CollectMultipleMetrics.base_distribution_by_cycle_metrics:md5,265ddb8764f78f708c21bced7c3b9981",
                "test.CollectMultipleMetrics.insert_size_metrics:md5,d1a02c1fa71c356c69be074918edaabb",
                "test.CollectMultipleMetrics.quality_by_cycle_metrics:md5,d66ee042cae1ce7f271556bb472dd746",
                "test.CollectMultipleMetrics.quality_distribution_metrics:md5,dc4e7b2252be1f764f1b28e0196c5001",
                "test.stats:md5,a15b3a5e59337db312d66020c7bb93ac",
                "test.tsv:md5,19ea418e92144e247f8b2291bd9c89b4",
                "test2.fastp.html:md5,0453131db35e837f9ae8157068f2ee66",
                "test2.fastp.json:md5,713d7b9e81edec8106a9449a673dc42f",
                "test2.fastp.log:md5,25166df5278001cd4777633bc4943290",
                "test2_1_fastqc.html:md5,49b1617a3f05027a4180bb7c9fe83836",
                "test2_1_fastqc.zip:md5,5b7abc42bbd2d484bf7d2d468cf9f600",
                "test2_2_fastqc.html:md5,e7afd19c20e044e2573fbbe298b88865",
                "test2_2_fastqc.zip:md5,2dcdf4a2cfc9edc42e65172e0433469f",
                "test2.mosdepth.global.dist.txt:md5,ba97ed85645f77da6f3adad138b3cdb4",
                "test2.mosdepth.summary.txt:md5,f39ba529fca62e98c6d6b5c1ea27ef7c",
                "test2.CollectMultipleMetrics.alignment_summary_metrics:md5,54e310b94bb92e4ffbc6a82629287ab9",
                "test2.CollectMultipleMetrics.base_distribution_by_cycle_metrics:md5,81644b8ddd636c850e803b0822bd7047",
                "test2.CollectMultipleMetrics.insert_size_metrics:md5,6c10d14a42e5d2f7f156160fe99668b1",
                "test2.CollectMultipleMetrics.quality_by_cycle_metrics:md5,d2554fd75452b5188008d100f10bb351",
                "test2.CollectMultipleMetrics.quality_distribution_metrics:md5,de99551fc8fd1f4421d294e9301313b0",
                "test2.stats:md5,fae549c0c944f6cc34dd6d9b9569e3d3",
                "test2.tsv:md5,c0d6b758ac222dfea64ef4ad558bd4fc",
                "test2_cram.mosdepth.global.dist.txt:md5,f2dcd00a64947c49e8e4b93c2f4fbf27",
                "test2_cram.mosdepth.summary.txt:md5,0a7300e56eda6fba7c7564f00aa000f0",
                "test2_cram.CollectMultipleMetrics.alignment_summary_metrics:md5,74a1ceab9ed6d7e275cb31deedff4fe4",
                "test2_cram.CollectMultipleMetrics.base_distribution_by_cycle_metrics:md5,724231fd7567ff51978eaeb1504206b9",
                "test2_cram.CollectMultipleMetrics.insert_size_metrics:md5,68097344425955e98f844d6b2aa223e7",
                "test2_cram.CollectMultipleMetrics.quality_by_cycle_metrics:md5,824d7c776df989095123dbf91285840a",
                "test2_cram.CollectMultipleMetrics.quality_distribution_metrics:md5,f9f0049c0657b9892ca1c335fca517ee",
                "test2_cram.stats:md5,0d1784cb4c3f14b9858247ac6128dd03",
                "test_cram.mosdepth.global.dist.txt:md5,69e29702ef01fd8f6c7a5468fc35a16a",
                "test_cram.mosdepth.summary.txt:md5,d2775eb102acc5950f7f53883dcb503d",
                "test_cram.CollectMultipleMetrics.alignment_summary_metrics:md5,34193515804076423a1324b7d5cde891",
                "test_cram.CollectMultipleMetrics.base_distribution_by_cycle_metrics:md5,9864404c1f0874df75e687779e853423",
                "test_cram.CollectMultipleMetrics.insert_size_metrics:md5,115258c75549f67e5cbb14022598e8e4",
                "test_cram.CollectMultipleMetrics.quality_by_cycle_metrics:md5,839afb7b5dcb22a88dd4411dc8f692c4",
                "test_cram.CollectMultipleMetrics.quality_distribution_metrics:md5,4e726327aa21de28889cdf66640d3d22",
                "test_cram.stats:md5,bcc229318527e414e69aaa5cd092ad9b"
            ]
        ],
        "timestamp": "2026-03-18T15:44:51.593259139",
        "meta": {
            "nf-test": "0.9.4",
            "nextflow": "25.10.4"
        }
    }
}