{
    "test json": {
        "content": [
            24,
            {
                "BCFTOOLS_STATS": {
                    "bcftools": 1.21
                },
                "FASTP": {
                    "fastp": "0.24.0"
                },
                "FASTQC": {
                    "fastqc": "0.12.1"
                },
                "MOSDEPTH": {
                    "mosdepth": "0.3.10"
                },
                "PICARD_COLLECTMULTIPLEMETRICS": {
                    "picard": "3.3.0"
                },
                "SAMTOOLS_FAIDX": {
                    "samtools": 1.21
                },
                "SAMTOOLS_STATS": {
                    "samtools": 1.21
                },
                "SEQFU_STATS": {
                    "seqfu": "1.22.3"
                },
                "TABIX_TABIX": {
                    "tabix": 1.21
                },
                "Workflow": {
                    "GHGA AQuA": "v1.0.0dev"
                }
            },
            [
                "1234T",
                "1234T/bcftools",
                "1234T/bcftools/1234T.bcftools_stats.txt",
                "1234T/fastp",
                "1234T/fastp/1234T.fastp.html",
                "1234T/fastp/1234T.fastp.json",
                "1234T/fastp/1234T.fastp.log",
                "1234T/fastqc",
                "1234T/fastqc/1234T_1_fastqc.html",
                "1234T/fastqc/1234T_1_fastqc.zip",
                "1234T/fastqc/1234T_2_fastqc.html",
                "1234T/fastqc/1234T_2_fastqc.zip",
                "1234T/mosdepth",
                "1234T/mosdepth/1234T.mosdepth.global.dist.txt",
                "1234T/mosdepth/1234T.mosdepth.summary.txt",
                "1234T/picard",
                "1234T/picard/1234T.CollectMultipleMetrics.alignment_summary_metrics",
                "1234T/picard/1234T.CollectMultipleMetrics.base_distribution_by_cycle.pdf",
                "1234T/picard/1234T.CollectMultipleMetrics.base_distribution_by_cycle_metrics",
                "1234T/picard/1234T.CollectMultipleMetrics.insert_size_histogram.pdf",
                "1234T/picard/1234T.CollectMultipleMetrics.insert_size_metrics",
                "1234T/picard/1234T.CollectMultipleMetrics.quality_by_cycle.pdf",
                "1234T/picard/1234T.CollectMultipleMetrics.quality_by_cycle_metrics",
                "1234T/picard/1234T.CollectMultipleMetrics.quality_distribution.pdf",
                "1234T/picard/1234T.CollectMultipleMetrics.quality_distribution_metrics",
                "1234T/picard/1234T.CollectMultipleMetrics.read_length_histogram.pdf",
                "1234T/samtools",
                "1234T/samtools/1234T.stats",
                "1234T/seqfu",
                "1234T/seqfu/1234T.tsv",
                "SAMPLE1_PE",
                "SAMPLE1_PE/bcftools",
                "SAMPLE1_PE/bcftools/SAMPLE1_PE.bcftools_stats.txt",
                "SAMPLE1_PE/fastp",
                "SAMPLE1_PE/fastp/SAMPLE1_PE.fastp.html",
                "SAMPLE1_PE/fastp/SAMPLE1_PE.fastp.json",
                "SAMPLE1_PE/fastp/SAMPLE1_PE.fastp.log",
                "SAMPLE1_PE/fastqc",
                "SAMPLE1_PE/fastqc/SAMPLE1_PE_1_fastqc.html",
                "SAMPLE1_PE/fastqc/SAMPLE1_PE_1_fastqc.zip",
                "SAMPLE1_PE/fastqc/SAMPLE1_PE_2_fastqc.html",
                "SAMPLE1_PE/fastqc/SAMPLE1_PE_2_fastqc.zip",
                "SAMPLE1_PE/mosdepth",
                "SAMPLE1_PE/mosdepth/SAMPLE1_PE.mosdepth.global.dist.txt",
                "SAMPLE1_PE/mosdepth/SAMPLE1_PE.mosdepth.summary.txt",
                "SAMPLE1_PE/picard",
                "SAMPLE1_PE/picard/SAMPLE1_PE.CollectMultipleMetrics.alignment_summary_metrics",
                "SAMPLE1_PE/picard/SAMPLE1_PE.CollectMultipleMetrics.base_distribution_by_cycle.pdf",
                "SAMPLE1_PE/picard/SAMPLE1_PE.CollectMultipleMetrics.base_distribution_by_cycle_metrics",
                "SAMPLE1_PE/picard/SAMPLE1_PE.CollectMultipleMetrics.insert_size_histogram.pdf",
                "SAMPLE1_PE/picard/SAMPLE1_PE.CollectMultipleMetrics.insert_size_metrics",
                "SAMPLE1_PE/picard/SAMPLE1_PE.CollectMultipleMetrics.quality_by_cycle.pdf",
                "SAMPLE1_PE/picard/SAMPLE1_PE.CollectMultipleMetrics.quality_by_cycle_metrics",
                "SAMPLE1_PE/picard/SAMPLE1_PE.CollectMultipleMetrics.quality_distribution.pdf",
                "SAMPLE1_PE/picard/SAMPLE1_PE.CollectMultipleMetrics.quality_distribution_metrics",
                "SAMPLE1_PE/picard/SAMPLE1_PE.CollectMultipleMetrics.read_length_histogram.pdf",
                "SAMPLE1_PE/samtools",
                "SAMPLE1_PE/samtools/SAMPLE1_PE.stats",
                "SAMPLE1_PE/seqfu",
                "SAMPLE1_PE/seqfu/SAMPLE1_PE.tsv",
                "SAMPLE3_SE",
                "SAMPLE3_SE/fastp",
                "SAMPLE3_SE/fastp/SAMPLE3_SE.fastp.html",
                "SAMPLE3_SE/fastp/SAMPLE3_SE.fastp.json",
                "SAMPLE3_SE/fastp/SAMPLE3_SE.fastp.log",
                "SAMPLE3_SE/fastqc",
                "SAMPLE3_SE/fastqc/SAMPLE3_SE_fastqc.html",
                "SAMPLE3_SE/fastqc/SAMPLE3_SE_fastqc.zip",
                "SAMPLE3_SE/seqfu",
                "SAMPLE3_SE/seqfu/SAMPLE3_SE.tsv",
                "multiqc",
                "multiqc/multiqc_data",
                "multiqc/multiqc_data/bcftools-stats-subtypes.txt",
                "multiqc/multiqc_data/bcftools_stats_indel-lengths.txt",
                "multiqc/multiqc_data/bcftools_stats_vqc_Count_Indels.txt",
                "multiqc/multiqc_data/bcftools_stats_vqc_Count_SNP.txt",
                "multiqc/multiqc_data/bcftools_stats_vqc_Count_Transitions.txt",
                "multiqc/multiqc_data/bcftools_stats_vqc_Count_Transversions.txt",
                "multiqc/multiqc_data/fastp-insert-size-plot.txt",
                "multiqc/multiqc_data/fastp-seq-content-gc-plot_Read_1_After_filtering.txt",
                "multiqc/multiqc_data/fastp-seq-content-gc-plot_Read_1_Before_filtering.txt",
                "multiqc/multiqc_data/fastp-seq-content-gc-plot_Read_2_After_filtering.txt",
                "multiqc/multiqc_data/fastp-seq-content-gc-plot_Read_2_Before_filtering.txt",
                "multiqc/multiqc_data/fastp-seq-content-n-plot_Read_1_After_filtering.txt",
                "multiqc/multiqc_data/fastp-seq-content-n-plot_Read_1_Before_filtering.txt",
                "multiqc/multiqc_data/fastp-seq-content-n-plot_Read_2_After_filtering.txt",
                "multiqc/multiqc_data/fastp-seq-content-n-plot_Read_2_Before_filtering.txt",
                "multiqc/multiqc_data/fastp-seq-quality-plot_Read_1_After_filtering.txt",
                "multiqc/multiqc_data/fastp-seq-quality-plot_Read_1_Before_filtering.txt",
                "multiqc/multiqc_data/fastp-seq-quality-plot_Read_2_After_filtering.txt",
                "multiqc/multiqc_data/fastp-seq-quality-plot_Read_2_Before_filtering.txt",
                "multiqc/multiqc_data/fastp_filtered_reads_plot.txt",
                "multiqc/multiqc_data/llms-full.txt",
                "multiqc/multiqc_data/mosdepth-coverage-per-contig-multi.txt",
                "multiqc/multiqc_data/mosdepth-cumcoverage-dist-id.txt",
                "multiqc/multiqc_data/mosdepth_cov_dist.txt",
                "multiqc/multiqc_data/mosdepth_cumcov_dist.txt",
                "multiqc/multiqc_data/mosdepth_perchrom.txt",
                "multiqc/multiqc_data/multiqc.log",
                "multiqc/multiqc_data/multiqc.parquet",
                "multiqc/multiqc_data/multiqc_bcftools_stats.txt",
                "multiqc/multiqc_data/multiqc_citations.txt",
                "multiqc/multiqc_data/multiqc_data.json",
                "multiqc/multiqc_data/multiqc_fastp.txt",
                "multiqc/multiqc_data/multiqc_general_stats.txt",
                "multiqc/multiqc_data/multiqc_picard_AlignmentSummaryMetrics.txt",
                "multiqc/multiqc_data/multiqc_picard_baseContent.txt",
                "multiqc/multiqc_data/multiqc_picard_insertSize.txt",
                "multiqc/multiqc_data/multiqc_picard_quality_by_cycle.txt",
                "multiqc/multiqc_data/multiqc_picard_quality_score_distribution.txt",
                "multiqc/multiqc_data/multiqc_samtools_stats.txt",
                "multiqc/multiqc_data/multiqc_software_versions.txt",
                "multiqc/multiqc_data/multiqc_sources.txt",
                "multiqc/multiqc_data/picard_MarkIlluminaAdapters_histogram.txt",
                "multiqc/multiqc_data/picard_MeanQualityByCycle_histogram.txt",
                "multiqc/multiqc_data/picard_MeanQualityByCycle_histogram_1.txt",
                "multiqc/multiqc_data/picard_QualityScoreDistribution_histogram.txt",
                "multiqc/multiqc_data/picard_alignment_readlength_plot.txt",
                "multiqc/multiqc_data/picard_alignment_summary_Aligned_Bases.txt",
                "multiqc/multiqc_data/picard_alignment_summary_Aligned_Reads.txt",
                "multiqc/multiqc_data/picard_base_distribution_by_cycle__Adenine.txt",
                "multiqc/multiqc_data/picard_base_distribution_by_cycle__Cytosine.txt",
                "multiqc/multiqc_data/picard_base_distribution_by_cycle__Guanine.txt",
                "multiqc/multiqc_data/picard_base_distribution_by_cycle__Thymine.txt",
                "multiqc/multiqc_data/picard_base_distribution_by_cycle__Undetermined.txt",
                "multiqc/multiqc_data/picard_insert_size_Counts.txt",
                "multiqc/multiqc_data/picard_insert_size_Percentages.txt",
                "multiqc/multiqc_data/picard_quality_by_cycle.txt",
                "multiqc/multiqc_data/picard_quality_score_distribution.txt",
                "multiqc/multiqc_data/samtools-stats-dp.txt",
                "multiqc/multiqc_data/samtools_alignment_plot.txt",
                "multiqc/multiqc_plots",
                "multiqc/multiqc_plots/pdf",
                "multiqc/multiqc_plots/pdf/bcftools-stats-subtypes-cnt.pdf",
                "multiqc/multiqc_plots/pdf/bcftools-stats-subtypes-pct.pdf",
                "multiqc/multiqc_plots/pdf/bcftools_stats_indel-lengths-cnt.pdf",
                "multiqc/multiqc_plots/pdf/bcftools_stats_indel-lengths-log.pdf",
                "multiqc/multiqc_plots/pdf/bcftools_stats_vqc_Count_Indels.pdf",
                "multiqc/multiqc_plots/pdf/bcftools_stats_vqc_Count_SNP.pdf",
                "multiqc/multiqc_plots/pdf/bcftools_stats_vqc_Count_Transitions.pdf",
                "multiqc/multiqc_plots/pdf/bcftools_stats_vqc_Count_Transversions.pdf",
                "multiqc/multiqc_plots/pdf/fastp-insert-size-plot.pdf",
                "multiqc/multiqc_plots/pdf/fastp-seq-content-gc-plot_Read_1_After_filtering.pdf",
                "multiqc/multiqc_plots/pdf/fastp-seq-content-gc-plot_Read_1_Before_filtering.pdf",
                "multiqc/multiqc_plots/pdf/fastp-seq-content-gc-plot_Read_2_After_filtering.pdf",
                "multiqc/multiqc_plots/pdf/fastp-seq-content-gc-plot_Read_2_Before_filtering.pdf",
                "multiqc/multiqc_plots/pdf/fastp-seq-content-n-plot_Read_1_After_filtering.pdf",
                "multiqc/multiqc_plots/pdf/fastp-seq-content-n-plot_Read_1_Before_filtering.pdf",
                "multiqc/multiqc_plots/pdf/fastp-seq-content-n-plot_Read_2_After_filtering.pdf",
                "multiqc/multiqc_plots/pdf/fastp-seq-content-n-plot_Read_2_Before_filtering.pdf",
                "multiqc/multiqc_plots/pdf/fastp-seq-quality-plot_Read_1_After_filtering.pdf",
                "multiqc/multiqc_plots/pdf/fastp-seq-quality-plot_Read_1_Before_filtering.pdf",
                "multiqc/multiqc_plots/pdf/fastp-seq-quality-plot_Read_2_After_filtering.pdf",
                "multiqc/multiqc_plots/pdf/fastp-seq-quality-plot_Read_2_Before_filtering.pdf",
                "multiqc/multiqc_plots/pdf/fastp_filtered_reads_plot-cnt.pdf",
                "multiqc/multiqc_plots/pdf/fastp_filtered_reads_plot-pct.pdf",
                "multiqc/multiqc_plots/pdf/mosdepth-coverage-per-contig-multi-cnt.pdf",
                "multiqc/multiqc_plots/pdf/mosdepth-coverage-per-contig-multi-log.pdf",
                "multiqc/multiqc_plots/pdf/mosdepth-cumcoverage-dist-id.pdf",
                "multiqc/multiqc_plots/pdf/picard_alignment_readlength_plot.pdf",
                "multiqc/multiqc_plots/pdf/picard_alignment_summary_Aligned_Bases-cnt.pdf",
                "multiqc/multiqc_plots/pdf/picard_alignment_summary_Aligned_Bases-pct.pdf",
                "multiqc/multiqc_plots/pdf/picard_alignment_summary_Aligned_Reads-cnt.pdf",
                "multiqc/multiqc_plots/pdf/picard_alignment_summary_Aligned_Reads-pct.pdf",
                "multiqc/multiqc_plots/pdf/picard_base_distribution_by_cycle__Adenine.pdf",
                "multiqc/multiqc_plots/pdf/picard_base_distribution_by_cycle__Cytosine.pdf",
                "multiqc/multiqc_plots/pdf/picard_base_distribution_by_cycle__Guanine.pdf",
                "multiqc/multiqc_plots/pdf/picard_base_distribution_by_cycle__Thymine.pdf",
                "multiqc/multiqc_plots/pdf/picard_base_distribution_by_cycle__Undetermined.pdf",
                "multiqc/multiqc_plots/pdf/picard_insert_size_Counts.pdf",
                "multiqc/multiqc_plots/pdf/picard_insert_size_Percentages.pdf",
                "multiqc/multiqc_plots/pdf/picard_quality_by_cycle.pdf",
                "multiqc/multiqc_plots/pdf/picard_quality_score_distribution.pdf",
                "multiqc/multiqc_plots/pdf/samtools-stats-dp.pdf",
                "multiqc/multiqc_plots/pdf/samtools_alignment_plot-cnt.pdf",
                "multiqc/multiqc_plots/pdf/samtools_alignment_plot-pct.pdf",
                "multiqc/multiqc_plots/png",
                "multiqc/multiqc_plots/png/bcftools-stats-subtypes-cnt.png",
                "multiqc/multiqc_plots/png/bcftools-stats-subtypes-pct.png",
                "multiqc/multiqc_plots/png/bcftools_stats_indel-lengths-cnt.png",
                "multiqc/multiqc_plots/png/bcftools_stats_indel-lengths-log.png",
                "multiqc/multiqc_plots/png/bcftools_stats_vqc_Count_Indels.png",
                "multiqc/multiqc_plots/png/bcftools_stats_vqc_Count_SNP.png",
                "multiqc/multiqc_plots/png/bcftools_stats_vqc_Count_Transitions.png",
                "multiqc/multiqc_plots/png/bcftools_stats_vqc_Count_Transversions.png",
                "multiqc/multiqc_plots/png/fastp-insert-size-plot.png",
                "multiqc/multiqc_plots/png/fastp-seq-content-gc-plot_Read_1_After_filtering.png",
                "multiqc/multiqc_plots/png/fastp-seq-content-gc-plot_Read_1_Before_filtering.png",
                "multiqc/multiqc_plots/png/fastp-seq-content-gc-plot_Read_2_After_filtering.png",
                "multiqc/multiqc_plots/png/fastp-seq-content-gc-plot_Read_2_Before_filtering.png",
                "multiqc/multiqc_plots/png/fastp-seq-content-n-plot_Read_1_After_filtering.png",
                "multiqc/multiqc_plots/png/fastp-seq-content-n-plot_Read_1_Before_filtering.png",
                "multiqc/multiqc_plots/png/fastp-seq-content-n-plot_Read_2_After_filtering.png",
                "multiqc/multiqc_plots/png/fastp-seq-content-n-plot_Read_2_Before_filtering.png",
                "multiqc/multiqc_plots/png/fastp-seq-quality-plot_Read_1_After_filtering.png",
                "multiqc/multiqc_plots/png/fastp-seq-quality-plot_Read_1_Before_filtering.png",
                "multiqc/multiqc_plots/png/fastp-seq-quality-plot_Read_2_After_filtering.png",
                "multiqc/multiqc_plots/png/fastp-seq-quality-plot_Read_2_Before_filtering.png",
                "multiqc/multiqc_plots/png/fastp_filtered_reads_plot-cnt.png",
                "multiqc/multiqc_plots/png/fastp_filtered_reads_plot-pct.png",
                "multiqc/multiqc_plots/png/mosdepth-coverage-per-contig-multi-cnt.png",
                "multiqc/multiqc_plots/png/mosdepth-coverage-per-contig-multi-log.png",
                "multiqc/multiqc_plots/png/mosdepth-cumcoverage-dist-id.png",
                "multiqc/multiqc_plots/png/picard_alignment_readlength_plot.png",
                "multiqc/multiqc_plots/png/picard_alignment_summary_Aligned_Bases-cnt.png",
                "multiqc/multiqc_plots/png/picard_alignment_summary_Aligned_Bases-pct.png",
                "multiqc/multiqc_plots/png/picard_alignment_summary_Aligned_Reads-cnt.png",
                "multiqc/multiqc_plots/png/picard_alignment_summary_Aligned_Reads-pct.png",
                "multiqc/multiqc_plots/png/picard_base_distribution_by_cycle__Adenine.png",
                "multiqc/multiqc_plots/png/picard_base_distribution_by_cycle__Cytosine.png",
                "multiqc/multiqc_plots/png/picard_base_distribution_by_cycle__Guanine.png",
                "multiqc/multiqc_plots/png/picard_base_distribution_by_cycle__Thymine.png",
                "multiqc/multiqc_plots/png/picard_base_distribution_by_cycle__Undetermined.png",
                "multiqc/multiqc_plots/png/picard_insert_size_Counts.png",
                "multiqc/multiqc_plots/png/picard_insert_size_Percentages.png",
                "multiqc/multiqc_plots/png/picard_quality_by_cycle.png",
                "multiqc/multiqc_plots/png/picard_quality_score_distribution.png",
                "multiqc/multiqc_plots/png/samtools-stats-dp.png",
                "multiqc/multiqc_plots/png/samtools_alignment_plot-cnt.png",
                "multiqc/multiqc_plots/png/samtools_alignment_plot-pct.png",
                "multiqc/multiqc_plots/svg",
                "multiqc/multiqc_plots/svg/bcftools-stats-subtypes-cnt.svg",
                "multiqc/multiqc_plots/svg/bcftools-stats-subtypes-pct.svg",
                "multiqc/multiqc_plots/svg/bcftools_stats_indel-lengths-cnt.svg",
                "multiqc/multiqc_plots/svg/bcftools_stats_indel-lengths-log.svg",
                "multiqc/multiqc_plots/svg/bcftools_stats_vqc_Count_Indels.svg",
                "multiqc/multiqc_plots/svg/bcftools_stats_vqc_Count_SNP.svg",
                "multiqc/multiqc_plots/svg/bcftools_stats_vqc_Count_Transitions.svg",
                "multiqc/multiqc_plots/svg/bcftools_stats_vqc_Count_Transversions.svg",
                "multiqc/multiqc_plots/svg/fastp-insert-size-plot.svg",
                "multiqc/multiqc_plots/svg/fastp-seq-content-gc-plot_Read_1_After_filtering.svg",
                "multiqc/multiqc_plots/svg/fastp-seq-content-gc-plot_Read_1_Before_filtering.svg",
                "multiqc/multiqc_plots/svg/fastp-seq-content-gc-plot_Read_2_After_filtering.svg",
                "multiqc/multiqc_plots/svg/fastp-seq-content-gc-plot_Read_2_Before_filtering.svg",
                "multiqc/multiqc_plots/svg/fastp-seq-content-n-plot_Read_1_After_filtering.svg",
                "multiqc/multiqc_plots/svg/fastp-seq-content-n-plot_Read_1_Before_filtering.svg",
                "multiqc/multiqc_plots/svg/fastp-seq-content-n-plot_Read_2_After_filtering.svg",
                "multiqc/multiqc_plots/svg/fastp-seq-content-n-plot_Read_2_Before_filtering.svg",
                "multiqc/multiqc_plots/svg/fastp-seq-quality-plot_Read_1_After_filtering.svg",
                "multiqc/multiqc_plots/svg/fastp-seq-quality-plot_Read_1_Before_filtering.svg",
                "multiqc/multiqc_plots/svg/fastp-seq-quality-plot_Read_2_After_filtering.svg",
                "multiqc/multiqc_plots/svg/fastp-seq-quality-plot_Read_2_Before_filtering.svg",
                "multiqc/multiqc_plots/svg/fastp_filtered_reads_plot-cnt.svg",
                "multiqc/multiqc_plots/svg/fastp_filtered_reads_plot-pct.svg",
                "multiqc/multiqc_plots/svg/mosdepth-coverage-per-contig-multi-cnt.svg",
                "multiqc/multiqc_plots/svg/mosdepth-coverage-per-contig-multi-log.svg",
                "multiqc/multiqc_plots/svg/mosdepth-cumcoverage-dist-id.svg",
                "multiqc/multiqc_plots/svg/picard_alignment_readlength_plot.svg",
                "multiqc/multiqc_plots/svg/picard_alignment_summary_Aligned_Bases-cnt.svg",
                "multiqc/multiqc_plots/svg/picard_alignment_summary_Aligned_Bases-pct.svg",
                "multiqc/multiqc_plots/svg/picard_alignment_summary_Aligned_Reads-cnt.svg",
                "multiqc/multiqc_plots/svg/picard_alignment_summary_Aligned_Reads-pct.svg",
                "multiqc/multiqc_plots/svg/picard_base_distribution_by_cycle__Adenine.svg",
                "multiqc/multiqc_plots/svg/picard_base_distribution_by_cycle__Cytosine.svg",
                "multiqc/multiqc_plots/svg/picard_base_distribution_by_cycle__Guanine.svg",
                "multiqc/multiqc_plots/svg/picard_base_distribution_by_cycle__Thymine.svg",
                "multiqc/multiqc_plots/svg/picard_base_distribution_by_cycle__Undetermined.svg",
                "multiqc/multiqc_plots/svg/picard_insert_size_Counts.svg",
                "multiqc/multiqc_plots/svg/picard_insert_size_Percentages.svg",
                "multiqc/multiqc_plots/svg/picard_quality_by_cycle.svg",
                "multiqc/multiqc_plots/svg/picard_quality_score_distribution.svg",
                "multiqc/multiqc_plots/svg/samtools-stats-dp.svg",
                "multiqc/multiqc_plots/svg/samtools_alignment_plot-cnt.svg",
                "multiqc/multiqc_plots/svg/samtools_alignment_plot-pct.svg",
                "multiqc/multiqc_report.html",
                "pipeline_info",
                "pipeline_info/qc_software_mqc_versions.yml",
                "samplesheet.csv",
                "samtools",
                "samtools/1234N.bam.bai"
            ],
            [
                "1234T.bcftools_stats.txt:md5,b12322b699d0b734ae8b9a8ca7fdc37d",
                "1234T.fastp.html:md5,2043d249a55610d3e167db60ff739407",
                "1234T.fastp.json:md5,ac0832c48bc239c49119993ca603224a",
                "1234T.fastp.log:md5,a6de4b7d03206103c4068a9bddfa9cec",
                "1234T_1_fastqc.html:md5,38d8bbba85bd0247e1f83b1ad9368d95",
                "1234T_1_fastqc.zip:md5,befb1b0188e7d443a7926a426f628737",
                "1234T_2_fastqc.html:md5,79c7639513cf6c12087de5b209a9dfc4",
                "1234T_2_fastqc.zip:md5,c7496b65cdd322fc4ecab126914e568f",
                "1234T.mosdepth.global.dist.txt:md5,59e9b7122f8404c99019849a8b7d3592",
                "1234T.mosdepth.summary.txt:md5,ba30a062c6335bbe0a23bae66aa5dc69",
                "1234T.CollectMultipleMetrics.alignment_summary_metrics:md5,1d05d2d6a089395ae8eef5fff91a9258",
                "1234T.CollectMultipleMetrics.base_distribution_by_cycle.pdf:md5,c7559213c66a4dc87b0c97b5ea9438c2",
                "1234T.CollectMultipleMetrics.base_distribution_by_cycle_metrics:md5,52d5e01f32d60d3ff298dce335216101",
                "1234T.CollectMultipleMetrics.insert_size_histogram.pdf:md5,1ffaa747db75cc1b09874a06469abb87",
                "1234T.CollectMultipleMetrics.insert_size_metrics:md5,95d3f215e7d2ed2a86044dbb1cf5e09e",
                "1234T.CollectMultipleMetrics.quality_by_cycle.pdf:md5,1cf2ae153db896c5d636845a61bb6d5d",
                "1234T.CollectMultipleMetrics.quality_by_cycle_metrics:md5,59153199ee6ddd9a99e5256986571142",
                "1234T.CollectMultipleMetrics.quality_distribution.pdf:md5,cb0c088de3254cb7fe4c5e27f620a8a5",
                "1234T.CollectMultipleMetrics.quality_distribution_metrics:md5,01e674d47574bbf9920701a31b8bd2a6",
                "1234T.CollectMultipleMetrics.read_length_histogram.pdf:md5,1e4858a026063202545ee7cf19fc6673",
                "1234T.stats:md5,90e9b095534dbd4f69f4beb2452e34e5",
                "1234T.tsv:md5,6dd8a86c1ac2657539c2b26aa07a24d8",
                "SAMPLE1_PE.bcftools_stats.txt:md5,b12322b699d0b734ae8b9a8ca7fdc37d",
                "SAMPLE1_PE.fastp.html:md5,6087205b9218fcac2b9bcdcb0b096716",
                "SAMPLE1_PE.fastp.json:md5,e746346041fd61d27a0341f1fe72126a",
                "SAMPLE1_PE.fastp.log:md5,518fa6b486d6b09210e7d42a0f3d12b5",
                "SAMPLE1_PE_1_fastqc.html:md5,3daf133882fb91f48768acaf1e19ff48",
                "SAMPLE1_PE_1_fastqc.zip:md5,2c540476042de3f41e11d818dba2f51d",
                "SAMPLE1_PE_2_fastqc.html:md5,7d12893672979e54ad89a75a1b29b1d1",
                "SAMPLE1_PE_2_fastqc.zip:md5,6d45dac674976c83cf51a543c01bcec4",
                "SAMPLE1_PE.mosdepth.global.dist.txt:md5,59e9b7122f8404c99019849a8b7d3592",
                "SAMPLE1_PE.mosdepth.summary.txt:md5,ba30a062c6335bbe0a23bae66aa5dc69",
                "SAMPLE1_PE.CollectMultipleMetrics.alignment_summary_metrics:md5,17403553efd426cfd891e5f687c5fd1b",
                "SAMPLE1_PE.CollectMultipleMetrics.base_distribution_by_cycle.pdf:md5,c7559213c66a4dc87b0c97b5ea9438c2",
                "SAMPLE1_PE.CollectMultipleMetrics.base_distribution_by_cycle_metrics:md5,aa0fdf2446250d7015644a2cd60118e1",
                "SAMPLE1_PE.CollectMultipleMetrics.insert_size_histogram.pdf:md5,1ffaa747db75cc1b09874a06469abb87",
                "SAMPLE1_PE.CollectMultipleMetrics.insert_size_metrics:md5,c14902be1b80ec003d7ab1751d0d121c",
                "SAMPLE1_PE.CollectMultipleMetrics.quality_by_cycle.pdf:md5,1cf2ae153db896c5d636845a61bb6d5d",
                "SAMPLE1_PE.CollectMultipleMetrics.quality_by_cycle_metrics:md5,8f3e7c7ed1489c6d4045c46085512173",
                "SAMPLE1_PE.CollectMultipleMetrics.quality_distribution.pdf:md5,8c5fd5f4fc6e1d842d303a519c8acdb5",
                "SAMPLE1_PE.CollectMultipleMetrics.quality_distribution_metrics:md5,82656c375c76c696121cea32706cbf74",
                "SAMPLE1_PE.CollectMultipleMetrics.read_length_histogram.pdf:md5,1e4858a026063202545ee7cf19fc6673",
                "SAMPLE1_PE.stats:md5,90e9b095534dbd4f69f4beb2452e34e5",
                "SAMPLE1_PE.tsv:md5,6dd8a86c1ac2657539c2b26aa07a24d8",
                "SAMPLE3_SE.fastp.html:md5,1381f1a7b9b379c219365ba9aa7f6a3c",
                "SAMPLE3_SE.fastp.json:md5,5e8cb7f3a94e9f10d45c20e23f9c2cf5",
                "SAMPLE3_SE.fastp.log:md5,6597c1d26b20cba18dffe941e8c86ac8",
                "SAMPLE3_SE_fastqc.html:md5,995925ef722b7750282e2696ce886742",
                "SAMPLE3_SE_fastqc.zip:md5,33ec5477498047921250a406f00a7bd6",
                "SAMPLE3_SE.tsv:md5,3b3d82558f09aa0801a4ae9e96a870ce",
                "bcftools-stats-subtypes.txt:md5,64f9699a5d1e96a50deb315836e98abb",
                "bcftools_stats_indel-lengths.txt:md5,0e705bec045e8d44144200320657865f",
                "bcftools_stats_vqc_Count_Indels.txt:md5,e34e76350683f5b671513e333317bb8f",
                "bcftools_stats_vqc_Count_SNP.txt:md5,b3ff7234387a4c54fa897fd6fda8c0e1",
                "bcftools_stats_vqc_Count_Transitions.txt:md5,80e9a941385eda176aa1554c1701ccd8",
                "bcftools_stats_vqc_Count_Transversions.txt:md5,99ef65dc46a40844753fca38bc5c5338",
                "fastp-insert-size-plot.txt:md5,fc8dd9b28bcbc65b4cdccf235cffbd8f",
                "fastp-seq-content-gc-plot_Read_1_After_filtering.txt:md5,5ebe7632f8734620c2e1e74bbb846e1d",
                "fastp-seq-content-gc-plot_Read_1_Before_filtering.txt:md5,b3db07ee505ba06ed2fcd2b45e76c38a",
                "fastp-seq-content-gc-plot_Read_2_After_filtering.txt:md5,bf1a97660cd640d5d9aeb32a456d1c6e",
                "fastp-seq-content-gc-plot_Read_2_Before_filtering.txt:md5,9f4e5218d20c0a1c45b254645af850da",
                "fastp-seq-content-n-plot_Read_1_After_filtering.txt:md5,bbf3b61ac04cd177cef6f103a5315eda",
                "fastp-seq-content-n-plot_Read_1_Before_filtering.txt:md5,df68a4dd68ec165326e08b8cf1701e69",
                "fastp-seq-content-n-plot_Read_2_After_filtering.txt:md5,74aa0dbbf52da1a4fde90b4cf82ac8f7",
                "fastp-seq-content-n-plot_Read_2_Before_filtering.txt:md5,568d778cd09e82104d05c04d8c230b29",
                "fastp-seq-quality-plot_Read_1_After_filtering.txt:md5,cb8977e89c1e3183a578586038855b6e",
                "fastp-seq-quality-plot_Read_1_Before_filtering.txt:md5,f390b7698f564824a843761dce88a387",
                "fastp-seq-quality-plot_Read_2_After_filtering.txt:md5,6164246605f00890d74dcd38cd6cc250",
                "fastp-seq-quality-plot_Read_2_Before_filtering.txt:md5,45b5883281b13bb8ba63a1f04393489c",
                "fastp_filtered_reads_plot.txt:md5,8b3aad46923d2b436a3623d66ad419b0",
                "llms-full.txt:md5,be724197715e1d07b82cb853a6f62de0",
                "mosdepth-coverage-per-contig-multi.txt:md5,51e8c668568c77ac8300898f510439b1",
                "mosdepth-cumcoverage-dist-id.txt:md5,3dd0e125fab69cfe70ce07caba4958f5",
                "mosdepth_cov_dist.txt:md5,b7e2717163db4bfe92655c2bec46de78",
                "mosdepth_cumcov_dist.txt:md5,b7e2717163db4bfe92655c2bec46de78",
                "mosdepth_perchrom.txt:md5,361bf8c6b60ae1269ff2973d73e28f9e",
                "multiqc.parquet:md5,43ae9d6cab443df4f6515ad371bfc006",
                "multiqc_bcftools_stats.txt:md5,6af92b67cb7e01a9efce1ab397f4db95",
                "multiqc_citations.txt:md5,d5da96c6a86029ba7123d477cac273bf",
                "multiqc_fastp.txt:md5,ded2147bff6305e390782dbab6fe8598",
                "multiqc_general_stats.txt:md5,fda90495a3d805f327e41d770919288b",
                "multiqc_picard_AlignmentSummaryMetrics.txt:md5,d355b5e95d09f4a9a9cb43b5787e1b6d",
                "multiqc_picard_baseContent.txt:md5,1069305f665a4d4e084e8a606ebdf9db",
                "multiqc_picard_insertSize.txt:md5,23b4da3c1d8e9d69649b179c9f3b821b",
                "multiqc_picard_quality_by_cycle.txt:md5,dfbf5a50b31cbd823cdd183100938c1b",
                "multiqc_picard_quality_score_distribution.txt:md5,4c381cac4bba6b6e2bf495d6a222422f",
                "multiqc_samtools_stats.txt:md5,876e17c96702118102473ed5c61912d8",
                "picard_MarkIlluminaAdapters_histogram.txt:md5,d41d8cd98f00b204e9800998ecf8427e",
                "picard_MeanQualityByCycle_histogram.txt:md5,d41d8cd98f00b204e9800998ecf8427e",
                "picard_MeanQualityByCycle_histogram_1.txt:md5,dfbf5a50b31cbd823cdd183100938c1b",
                "picard_QualityScoreDistribution_histogram.txt:md5,4c381cac4bba6b6e2bf495d6a222422f",
                "picard_alignment_readlength_plot.txt:md5,332d4ebda1c4f666fff48ca73787cd5f",
                "picard_alignment_summary_Aligned_Bases.txt:md5,58e507c6dcd16df97b8c5f435754f4b8",
                "picard_alignment_summary_Aligned_Reads.txt:md5,6a683cabe729a77091ecce5bfae00732",
                "picard_base_distribution_by_cycle__Adenine.txt:md5,9cdada6636ec2e2bdb2e8b5f1e042f39",
                "picard_base_distribution_by_cycle__Cytosine.txt:md5,3b4f446210b6e2f80ee56828c6b80930",
                "picard_base_distribution_by_cycle__Guanine.txt:md5,71e0fd043ba7971e99f5949bebaaf7d7",
                "picard_base_distribution_by_cycle__Thymine.txt:md5,cb98107274cbacfe1a1f989068b57b42",
                "picard_base_distribution_by_cycle__Undetermined.txt:md5,813e38009bca9bde2cc4eddebb5fa69d",
                "picard_insert_size_Counts.txt:md5,1821945acde120271e1e355832f95fa7",
                "picard_insert_size_Percentages.txt:md5,b212c6b6341381fce127660308127d88",
                "picard_quality_by_cycle.txt:md5,f1ceab4e248cceb76d1384169dc49bba",
                "picard_quality_score_distribution.txt:md5,356aad649e8534f192e152b7b98ff7f7",
                "samtools-stats-dp.txt:md5,b5f623235faa622f6420164b0432e016",
                "samtools_alignment_plot.txt:md5,8e119ded7612a1c862db2091590e5b04",
                "samplesheet.csv:md5,6b6380b4449a4ad318500818c07230a1",
                "1234N.bam.bai:md5,fe09f03bc1f521056b96a9e3a4db2688"
            ]
        ],
        "timestamp": "2026-03-16T14:21:11.761278409",
        "meta": {
            "nf-test": "0.9.4",
            "nextflow": "25.10.4"
        }
    }
}