{
    "test hg38": {
        "content": [
            57,
            {
                "FASTP": {
                    "fastp": "0.24.0"
                },
                "FASTPLONG": {
                    "fastplong": "0.3.0"
                },
                "FASTQC": {
                    "fastqc": "0.12.1"
                },
                "MOSDEPTH": {
                    "mosdepth": "0.3.10"
                },
                "NANOPLOT": {
                    "nanoplot": "1.44.1"
                },
                "PHANTOMPEAKQUALTOOLS": {
                    "phantompeakqualtools": "1.2.2"
                },
                "PICARD_COLLECTMULTIPLEMETRICS": {
                    "picard": "3.3.0"
                },
                "RSEQC_BAMSTAT": {
                    "rseqc": "5.0.2"
                },
                "SAMTOOLS_FAIDX": {
                    "samtools": 1.21
                },
                "SAMTOOLS_FASTQ": {
                    "samtools": 1.21
                },
                "SAMTOOLS_STATS": {
                    "samtools": 1.21
                },
                "SEQFU_STATS": {
                    "seqfu": "1.22.3"
                },
                "Workflow": {
                    "GHGA AQuA": "v1.0.0dev"
                }
            },
            [
                "ERR188383",
                "ERR188383/rseqc",
                "ERR188383/samtools",
                "ERR188383/samtools/ERR188383.stats",
                "ERR188428",
                "ERR188428/rseqc",
                "ERR188428/samtools",
                "ERR188428/samtools/ERR188428.stats",
                "ERR188454",
                "ERR188454/rseqc",
                "ERR188454/samtools",
                "ERR188454/samtools/ERR188454.stats",
                "ERR204916",
                "ERR204916/rseqc",
                "ERR204916/samtools",
                "ERR204916/samtools/ERR204916.stats",
                "MCF7",
                "MCF7/fastp",
                "MCF7/fastp/MCF7.fastp.html",
                "MCF7/fastp/MCF7.fastp.json",
                "MCF7/fastp/MCF7.fastp.log",
                "MCF7/fastqc",
                "MCF7/fastqc/MCF7_fastqc.html",
                "MCF7/fastqc/MCF7_fastqc.zip",
                "MCF7/nanoplot",
                "MCF7/nanoplot/LengthvsQualityScatterPlot_dot.html",
                "MCF7/nanoplot/LengthvsQualityScatterPlot_dot.png",
                "MCF7/nanoplot/LengthvsQualityScatterPlot_kde.html",
                "MCF7/nanoplot/LengthvsQualityScatterPlot_kde.png",
                "MCF7/nanoplot/NanoPlot-report.html",
                "MCF7/nanoplot/NanoPlot_20260318_1538.log",
                "MCF7/nanoplot/NanoStats.txt",
                "MCF7/nanoplot/Non_weightedHistogramReadlength.html",
                "MCF7/nanoplot/Non_weightedHistogramReadlength.png",
                "MCF7/nanoplot/Non_weightedLogTransformed_HistogramReadlength.html",
                "MCF7/nanoplot/Non_weightedLogTransformed_HistogramReadlength.png",
                "MCF7/nanoplot/WeightedHistogramReadlength.html",
                "MCF7/nanoplot/WeightedHistogramReadlength.png",
                "MCF7/nanoplot/WeightedLogTransformed_HistogramReadlength.html",
                "MCF7/nanoplot/WeightedLogTransformed_HistogramReadlength.png",
                "MCF7/nanoplot/Yield_By_Length.html",
                "MCF7/nanoplot/Yield_By_Length.png",
                "MCF7/seqfu",
                "MCF7/seqfu/MCF7.tsv",
                "OSMOTIC_STRESS_T0_PE",
                "OSMOTIC_STRESS_T0_PE/fastp",
                "OSMOTIC_STRESS_T0_PE/fastp/OSMOTIC_STRESS_T0_PE.fastp.html",
                "OSMOTIC_STRESS_T0_PE/fastp/OSMOTIC_STRESS_T0_PE.fastp.json",
                "OSMOTIC_STRESS_T0_PE/fastp/OSMOTIC_STRESS_T0_PE.fastp.log",
                "OSMOTIC_STRESS_T0_PE/fastqc",
                "OSMOTIC_STRESS_T0_PE/fastqc/OSMOTIC_STRESS_T0_PE_1_fastqc.html",
                "OSMOTIC_STRESS_T0_PE/fastqc/OSMOTIC_STRESS_T0_PE_1_fastqc.zip",
                "OSMOTIC_STRESS_T0_PE/fastqc/OSMOTIC_STRESS_T0_PE_2_fastqc.html",
                "OSMOTIC_STRESS_T0_PE/fastqc/OSMOTIC_STRESS_T0_PE_2_fastqc.zip",
                "OSMOTIC_STRESS_T0_PE/seqfu",
                "OSMOTIC_STRESS_T0_PE/seqfu/OSMOTIC_STRESS_T0_PE.tsv",
                "OSMOTIC_STRESS_T100_SE",
                "OSMOTIC_STRESS_T100_SE/fastp",
                "OSMOTIC_STRESS_T100_SE/fastp/OSMOTIC_STRESS_T100_SE.fastp.html",
                "OSMOTIC_STRESS_T100_SE/fastp/OSMOTIC_STRESS_T100_SE.fastp.json",
                "OSMOTIC_STRESS_T100_SE/fastp/OSMOTIC_STRESS_T100_SE.fastp.log",
                "OSMOTIC_STRESS_T100_SE/fastqc",
                "OSMOTIC_STRESS_T100_SE/fastqc/OSMOTIC_STRESS_T100_SE_fastqc.html",
                "OSMOTIC_STRESS_T100_SE/fastqc/OSMOTIC_STRESS_T100_SE_fastqc.zip",
                "OSMOTIC_STRESS_T100_SE/seqfu",
                "OSMOTIC_STRESS_T100_SE/seqfu/OSMOTIC_STRESS_T100_SE.tsv",
                "SRR389222_sub1",
                "SRR389222_sub1/fastqc",
                "SRR389222_sub1/fastqc/SRR389222_sub1_fastqc.html",
                "SRR389222_sub1/fastqc/SRR389222_sub1_fastqc.zip",
                "SRR389222_sub2",
                "SRR389222_sub2/fastqc",
                "SRR389222_sub2/fastqc/SRR389222_sub2_1_fastqc.html",
                "SRR389222_sub2/fastqc/SRR389222_sub2_1_fastqc.zip",
                "SRR389222_sub2/fastqc/SRR389222_sub2_2_fastqc.html",
                "SRR389222_sub2/fastqc/SRR389222_sub2_2_fastqc.zip",
                "WES_LL_N",
                "WES_LL_N/samtools",
                "WES_LL_N/samtools/WES_LL_N.stats",
                "WES_LL_N_2",
                "WES_LL_N_2/mosdepth",
                "WES_LL_N_2/mosdepth/WES_LL_N_2.mosdepth.global.dist.txt",
                "WES_LL_N_2/mosdepth/WES_LL_N_2.mosdepth.summary.txt",
                "WES_LL_N_2/phantompeakqualtools",
                "WES_LL_N_2/phantompeakqualtools/WES_LL_N_2.spp.out",
                "WES_LL_N_2/phantompeakqualtools/WES_LL_N_2.spp.pdf",
                "WES_LL_N_2/samtools",
                "WES_LL_N_2/samtools/WES_LL_N_2.stats",
                "WES_LL_N_3",
                "WES_LL_N_3/ataqv",
                "WES_LL_N_3/ataqv/WES_LL_N_3.ataqv.json",
                "WES_LL_N_3/mosdepth",
                "WES_LL_N_3/mosdepth/WES_LL_N_3.mosdepth.global.dist.txt",
                "WES_LL_N_3/mosdepth/WES_LL_N_3.mosdepth.summary.txt",
                "WES_LL_N_3/picard",
                "WES_LL_N_3/picard/WES_LL_N_3.CollectMultipleMetrics.alignment_summary_metrics",
                "WES_LL_N_3/picard/WES_LL_N_3.CollectMultipleMetrics.base_distribution_by_cycle.pdf",
                "WES_LL_N_3/picard/WES_LL_N_3.CollectMultipleMetrics.base_distribution_by_cycle_metrics",
                "WES_LL_N_3/picard/WES_LL_N_3.CollectMultipleMetrics.insert_size_histogram.pdf",
                "WES_LL_N_3/picard/WES_LL_N_3.CollectMultipleMetrics.insert_size_metrics",
                "WES_LL_N_3/picard/WES_LL_N_3.CollectMultipleMetrics.quality_by_cycle.pdf",
                "WES_LL_N_3/picard/WES_LL_N_3.CollectMultipleMetrics.quality_by_cycle_metrics",
                "WES_LL_N_3/picard/WES_LL_N_3.CollectMultipleMetrics.quality_distribution.pdf",
                "WES_LL_N_3/picard/WES_LL_N_3.CollectMultipleMetrics.quality_distribution_metrics",
                "WES_LL_N_3/picard/WES_LL_N_3.CollectMultipleMetrics.read_length_histogram.pdf",
                "WES_LL_N_3/samtools",
                "WES_LL_N_3/samtools/WES_LL_N_3.stats",
                "WES_LL_T",
                "WES_LL_T/samtools",
                "WES_LL_T/samtools/WES_LL_T.stats",
                "WES_LL_T_2",
                "WES_LL_T_2/mosdepth",
                "WES_LL_T_2/mosdepth/WES_LL_T_2.mosdepth.global.dist.txt",
                "WES_LL_T_2/mosdepth/WES_LL_T_2.mosdepth.summary.txt",
                "WES_LL_T_2/phantompeakqualtools",
                "WES_LL_T_2/phantompeakqualtools/WES_LL_T_2.spp.out",
                "WES_LL_T_2/phantompeakqualtools/WES_LL_T_2.spp.pdf",
                "WES_LL_T_2/samtools",
                "WES_LL_T_2/samtools/WES_LL_T_2.stats",
                "WES_LL_T_3",
                "WES_LL_T_3/ataqv",
                "WES_LL_T_3/ataqv/WES_LL_T_3.ataqv.json",
                "WES_LL_T_3/mosdepth",
                "WES_LL_T_3/mosdepth/WES_LL_T_3.mosdepth.global.dist.txt",
                "WES_LL_T_3/mosdepth/WES_LL_T_3.mosdepth.summary.txt",
                "WES_LL_T_3/picard",
                "WES_LL_T_3/picard/WES_LL_T_3.CollectMultipleMetrics.alignment_summary_metrics",
                "WES_LL_T_3/picard/WES_LL_T_3.CollectMultipleMetrics.base_distribution_by_cycle.pdf",
                "WES_LL_T_3/picard/WES_LL_T_3.CollectMultipleMetrics.base_distribution_by_cycle_metrics",
                "WES_LL_T_3/picard/WES_LL_T_3.CollectMultipleMetrics.insert_size_histogram.pdf",
                "WES_LL_T_3/picard/WES_LL_T_3.CollectMultipleMetrics.insert_size_metrics",
                "WES_LL_T_3/picard/WES_LL_T_3.CollectMultipleMetrics.quality_by_cycle.pdf",
                "WES_LL_T_3/picard/WES_LL_T_3.CollectMultipleMetrics.quality_by_cycle_metrics",
                "WES_LL_T_3/picard/WES_LL_T_3.CollectMultipleMetrics.quality_distribution.pdf",
                "WES_LL_T_3/picard/WES_LL_T_3.CollectMultipleMetrics.quality_distribution_metrics",
                "WES_LL_T_3/picard/WES_LL_T_3.CollectMultipleMetrics.read_length_histogram.pdf",
                "WES_LL_T_3/samtools",
                "WES_LL_T_3/samtools/WES_LL_T_3.stats",
                "ccs_bam",
                "ccs_bam/fastplong",
                "ccs_bam/fastplong/ccs_bam.fastplong.html",
                "ccs_bam/fastplong/ccs_bam.fastplong.json",
                "ccs_bam/fastplong/ccs_bam.fastplong.log",
                "ccs_fastq",
                "ccs_fastq/fastplong",
                "ccs_fastq/fastplong/ccs_fastq.fastplong.html",
                "ccs_fastq/fastplong/ccs_fastq.fastplong.json",
                "ccs_fastq/fastplong/ccs_fastq.fastplong.log",
                "ccs_fastq/fastqc",
                "ccs_fastq/fastqc/ccs_fastq_fastqc.html",
                "ccs_fastq/fastqc/ccs_fastq_fastqc.zip",
                "multiqc",
                "multiqc/multiqc_data",
                "multiqc/multiqc_data/ataqv_chrom_dist_Percentages.txt",
                "multiqc/multiqc_data/ataqv_chrom_dist_Reads.txt",
                "multiqc/multiqc_data/ataqv_fld_plot_Percentage.txt",
                "multiqc/multiqc_data/ataqv_fld_plot_Read_Count.txt",
                "multiqc/multiqc_data/ataqv_mapq_dist.txt",
                "multiqc/multiqc_data/fastp-insert-size-plot.txt",
                "multiqc/multiqc_data/fastp-seq-content-gc-plot_Read_1_After_filtering.txt",
                "multiqc/multiqc_data/fastp-seq-content-gc-plot_Read_1_Before_filtering.txt",
                "multiqc/multiqc_data/fastp-seq-content-gc-plot_Read_2_After_filtering.txt",
                "multiqc/multiqc_data/fastp-seq-content-gc-plot_Read_2_Before_filtering.txt",
                "multiqc/multiqc_data/fastp-seq-content-n-plot_Read_1_After_filtering.txt",
                "multiqc/multiqc_data/fastp-seq-content-n-plot_Read_1_Before_filtering.txt",
                "multiqc/multiqc_data/fastp-seq-content-n-plot_Read_2_After_filtering.txt",
                "multiqc/multiqc_data/fastp-seq-content-n-plot_Read_2_Before_filtering.txt",
                "multiqc/multiqc_data/fastp-seq-quality-plot_Read_1_After_filtering.txt",
                "multiqc/multiqc_data/fastp-seq-quality-plot_Read_1_Before_filtering.txt",
                "multiqc/multiqc_data/fastp-seq-quality-plot_Read_2_After_filtering.txt",
                "multiqc/multiqc_data/fastp-seq-quality-plot_Read_2_Before_filtering.txt",
                "multiqc/multiqc_data/fastp_filtered_reads_plot.txt",
                "multiqc/multiqc_data/llms-full.txt",
                "multiqc/multiqc_data/mosdepth-coverage-per-contig-multi.txt",
                "multiqc/multiqc_data/mosdepth-cumcoverage-dist-id.txt",
                "multiqc/multiqc_data/mosdepth_cov_dist.txt",
                "multiqc/multiqc_data/mosdepth_cumcov_dist.txt",
                "multiqc/multiqc_data/mosdepth_perchrom.txt",
                "multiqc/multiqc_data/multiqc.log",
                "multiqc/multiqc_data/multiqc.parquet",
                "multiqc/multiqc_data/multiqc_ataqv.txt",
                "multiqc/multiqc_data/multiqc_citations.txt",
                "multiqc/multiqc_data/multiqc_data.json",
                "multiqc/multiqc_data/multiqc_fastp.txt",
                "multiqc/multiqc_data/multiqc_general_stats.txt",
                "multiqc/multiqc_data/multiqc_picard_AlignmentSummaryMetrics.txt",
                "multiqc/multiqc_data/multiqc_picard_baseContent.txt",
                "multiqc/multiqc_data/multiqc_picard_insertSize.txt",
                "multiqc/multiqc_data/multiqc_picard_quality_by_cycle.txt",
                "multiqc/multiqc_data/multiqc_picard_quality_score_distribution.txt",
                "multiqc/multiqc_data/multiqc_rseqc_bam_stat.txt",
                "multiqc/multiqc_data/multiqc_samtools_stats.txt",
                "multiqc/multiqc_data/multiqc_software_versions.txt",
                "multiqc/multiqc_data/multiqc_sources.txt",
                "multiqc/multiqc_data/picard_MarkIlluminaAdapters_histogram.txt",
                "multiqc/multiqc_data/picard_MeanQualityByCycle_histogram.txt",
                "multiqc/multiqc_data/picard_MeanQualityByCycle_histogram_1.txt",
                "multiqc/multiqc_data/picard_QualityScoreDistribution_histogram.txt",
                "multiqc/multiqc_data/picard_alignment_readlength_plot.txt",
                "multiqc/multiqc_data/picard_alignment_summary_Aligned_Bases.txt",
                "multiqc/multiqc_data/picard_alignment_summary_Aligned_Reads.txt",
                "multiqc/multiqc_data/picard_base_distribution_by_cycle__Adenine.txt",
                "multiqc/multiqc_data/picard_base_distribution_by_cycle__Cytosine.txt",
                "multiqc/multiqc_data/picard_base_distribution_by_cycle__Guanine.txt",
                "multiqc/multiqc_data/picard_base_distribution_by_cycle__Thymine.txt",
                "multiqc/multiqc_data/picard_base_distribution_by_cycle__Undetermined.txt",
                "multiqc/multiqc_data/picard_insert_size_Counts.txt",
                "multiqc/multiqc_data/picard_insert_size_Percentages.txt",
                "multiqc/multiqc_data/picard_quality_by_cycle.txt",
                "multiqc/multiqc_data/picard_quality_score_distribution.txt",
                "multiqc/multiqc_data/rseqc_bam_stat.txt",
                "multiqc/multiqc_data/samtools-stats-dp.txt",
                "multiqc/multiqc_data/samtools_alignment_plot.txt",
                "multiqc/multiqc_plots",
                "multiqc/multiqc_plots/pdf",
                "multiqc/multiqc_plots/pdf/ataqv_chrom_dist_Percentages.pdf",
                "multiqc/multiqc_plots/pdf/ataqv_chrom_dist_Reads.pdf",
                "multiqc/multiqc_plots/pdf/ataqv_fld_plot_Percentage-cnt.pdf",
                "multiqc/multiqc_plots/pdf/ataqv_fld_plot_Percentage-log.pdf",
                "multiqc/multiqc_plots/pdf/ataqv_fld_plot_Read_Count-cnt.pdf",
                "multiqc/multiqc_plots/pdf/ataqv_fld_plot_Read_Count-log.pdf",
                "multiqc/multiqc_plots/pdf/ataqv_mapq_dist-cnt.pdf",
                "multiqc/multiqc_plots/pdf/ataqv_mapq_dist-log.pdf",
                "multiqc/multiqc_plots/pdf/fastp-insert-size-plot.pdf",
                "multiqc/multiqc_plots/pdf/fastp-seq-content-gc-plot_Read_1_After_filtering.pdf",
                "multiqc/multiqc_plots/pdf/fastp-seq-content-gc-plot_Read_1_Before_filtering.pdf",
                "multiqc/multiqc_plots/pdf/fastp-seq-content-gc-plot_Read_2_After_filtering.pdf",
                "multiqc/multiqc_plots/pdf/fastp-seq-content-gc-plot_Read_2_Before_filtering.pdf",
                "multiqc/multiqc_plots/pdf/fastp-seq-content-n-plot_Read_1_After_filtering.pdf",
                "multiqc/multiqc_plots/pdf/fastp-seq-content-n-plot_Read_1_Before_filtering.pdf",
                "multiqc/multiqc_plots/pdf/fastp-seq-content-n-plot_Read_2_After_filtering.pdf",
                "multiqc/multiqc_plots/pdf/fastp-seq-content-n-plot_Read_2_Before_filtering.pdf",
                "multiqc/multiqc_plots/pdf/fastp-seq-quality-plot_Read_1_After_filtering.pdf",
                "multiqc/multiqc_plots/pdf/fastp-seq-quality-plot_Read_1_Before_filtering.pdf",
                "multiqc/multiqc_plots/pdf/fastp-seq-quality-plot_Read_2_After_filtering.pdf",
                "multiqc/multiqc_plots/pdf/fastp-seq-quality-plot_Read_2_Before_filtering.pdf",
                "multiqc/multiqc_plots/pdf/fastp_filtered_reads_plot-cnt.pdf",
                "multiqc/multiqc_plots/pdf/fastp_filtered_reads_plot-pct.pdf",
                "multiqc/multiqc_plots/pdf/mosdepth-coverage-per-contig-multi-cnt.pdf",
                "multiqc/multiqc_plots/pdf/mosdepth-coverage-per-contig-multi-log.pdf",
                "multiqc/multiqc_plots/pdf/mosdepth-cumcoverage-dist-id.pdf",
                "multiqc/multiqc_plots/pdf/picard_alignment_readlength_plot.pdf",
                "multiqc/multiqc_plots/pdf/picard_alignment_summary_Aligned_Bases-cnt.pdf",
                "multiqc/multiqc_plots/pdf/picard_alignment_summary_Aligned_Bases-pct.pdf",
                "multiqc/multiqc_plots/pdf/picard_alignment_summary_Aligned_Reads-cnt.pdf",
                "multiqc/multiqc_plots/pdf/picard_alignment_summary_Aligned_Reads-pct.pdf",
                "multiqc/multiqc_plots/pdf/picard_base_distribution_by_cycle__Adenine.pdf",
                "multiqc/multiqc_plots/pdf/picard_base_distribution_by_cycle__Cytosine.pdf",
                "multiqc/multiqc_plots/pdf/picard_base_distribution_by_cycle__Guanine.pdf",
                "multiqc/multiqc_plots/pdf/picard_base_distribution_by_cycle__Thymine.pdf",
                "multiqc/multiqc_plots/pdf/picard_base_distribution_by_cycle__Undetermined.pdf",
                "multiqc/multiqc_plots/pdf/picard_insert_size_Counts.pdf",
                "multiqc/multiqc_plots/pdf/picard_insert_size_Percentages.pdf",
                "multiqc/multiqc_plots/pdf/picard_quality_by_cycle.pdf",
                "multiqc/multiqc_plots/pdf/picard_quality_score_distribution.pdf",
                "multiqc/multiqc_plots/pdf/rseqc_bam_stat.pdf",
                "multiqc/multiqc_plots/pdf/samtools-stats-dp.pdf",
                "multiqc/multiqc_plots/pdf/samtools_alignment_plot-cnt.pdf",
                "multiqc/multiqc_plots/pdf/samtools_alignment_plot-pct.pdf",
                "multiqc/multiqc_plots/png",
                "multiqc/multiqc_plots/png/ataqv_chrom_dist_Percentages.png",
                "multiqc/multiqc_plots/png/ataqv_chrom_dist_Reads.png",
                "multiqc/multiqc_plots/png/ataqv_fld_plot_Percentage-cnt.png",
                "multiqc/multiqc_plots/png/ataqv_fld_plot_Percentage-log.png",
                "multiqc/multiqc_plots/png/ataqv_fld_plot_Read_Count-cnt.png",
                "multiqc/multiqc_plots/png/ataqv_fld_plot_Read_Count-log.png",
                "multiqc/multiqc_plots/png/ataqv_mapq_dist-cnt.png",
                "multiqc/multiqc_plots/png/ataqv_mapq_dist-log.png",
                "multiqc/multiqc_plots/png/fastp-insert-size-plot.png",
                "multiqc/multiqc_plots/png/fastp-seq-content-gc-plot_Read_1_After_filtering.png",
                "multiqc/multiqc_plots/png/fastp-seq-content-gc-plot_Read_1_Before_filtering.png",
                "multiqc/multiqc_plots/png/fastp-seq-content-gc-plot_Read_2_After_filtering.png",
                "multiqc/multiqc_plots/png/fastp-seq-content-gc-plot_Read_2_Before_filtering.png",
                "multiqc/multiqc_plots/png/fastp-seq-content-n-plot_Read_1_After_filtering.png",
                "multiqc/multiqc_plots/png/fastp-seq-content-n-plot_Read_1_Before_filtering.png",
                "multiqc/multiqc_plots/png/fastp-seq-content-n-plot_Read_2_After_filtering.png",
                "multiqc/multiqc_plots/png/fastp-seq-content-n-plot_Read_2_Before_filtering.png",
                "multiqc/multiqc_plots/png/fastp-seq-quality-plot_Read_1_After_filtering.png",
                "multiqc/multiqc_plots/png/fastp-seq-quality-plot_Read_1_Before_filtering.png",
                "multiqc/multiqc_plots/png/fastp-seq-quality-plot_Read_2_After_filtering.png",
                "multiqc/multiqc_plots/png/fastp-seq-quality-plot_Read_2_Before_filtering.png",
                "multiqc/multiqc_plots/png/fastp_filtered_reads_plot-cnt.png",
                "multiqc/multiqc_plots/png/fastp_filtered_reads_plot-pct.png",
                "multiqc/multiqc_plots/png/mosdepth-coverage-per-contig-multi-cnt.png",
                "multiqc/multiqc_plots/png/mosdepth-coverage-per-contig-multi-log.png",
                "multiqc/multiqc_plots/png/mosdepth-cumcoverage-dist-id.png",
                "multiqc/multiqc_plots/png/picard_alignment_readlength_plot.png",
                "multiqc/multiqc_plots/png/picard_alignment_summary_Aligned_Bases-cnt.png",
                "multiqc/multiqc_plots/png/picard_alignment_summary_Aligned_Bases-pct.png",
                "multiqc/multiqc_plots/png/picard_alignment_summary_Aligned_Reads-cnt.png",
                "multiqc/multiqc_plots/png/picard_alignment_summary_Aligned_Reads-pct.png",
                "multiqc/multiqc_plots/png/picard_base_distribution_by_cycle__Adenine.png",
                "multiqc/multiqc_plots/png/picard_base_distribution_by_cycle__Cytosine.png",
                "multiqc/multiqc_plots/png/picard_base_distribution_by_cycle__Guanine.png",
                "multiqc/multiqc_plots/png/picard_base_distribution_by_cycle__Thymine.png",
                "multiqc/multiqc_plots/png/picard_base_distribution_by_cycle__Undetermined.png",
                "multiqc/multiqc_plots/png/picard_insert_size_Counts.png",
                "multiqc/multiqc_plots/png/picard_insert_size_Percentages.png",
                "multiqc/multiqc_plots/png/picard_quality_by_cycle.png",
                "multiqc/multiqc_plots/png/picard_quality_score_distribution.png",
                "multiqc/multiqc_plots/png/rseqc_bam_stat.png",
                "multiqc/multiqc_plots/png/samtools-stats-dp.png",
                "multiqc/multiqc_plots/png/samtools_alignment_plot-cnt.png",
                "multiqc/multiqc_plots/png/samtools_alignment_plot-pct.png",
                "multiqc/multiqc_plots/svg",
                "multiqc/multiqc_plots/svg/ataqv_chrom_dist_Percentages.svg",
                "multiqc/multiqc_plots/svg/ataqv_chrom_dist_Reads.svg",
                "multiqc/multiqc_plots/svg/ataqv_fld_plot_Percentage-cnt.svg",
                "multiqc/multiqc_plots/svg/ataqv_fld_plot_Percentage-log.svg",
                "multiqc/multiqc_plots/svg/ataqv_fld_plot_Read_Count-cnt.svg",
                "multiqc/multiqc_plots/svg/ataqv_fld_plot_Read_Count-log.svg",
                "multiqc/multiqc_plots/svg/ataqv_mapq_dist-cnt.svg",
                "multiqc/multiqc_plots/svg/ataqv_mapq_dist-log.svg",
                "multiqc/multiqc_plots/svg/fastp-insert-size-plot.svg",
                "multiqc/multiqc_plots/svg/fastp-seq-content-gc-plot_Read_1_After_filtering.svg",
                "multiqc/multiqc_plots/svg/fastp-seq-content-gc-plot_Read_1_Before_filtering.svg",
                "multiqc/multiqc_plots/svg/fastp-seq-content-gc-plot_Read_2_After_filtering.svg",
                "multiqc/multiqc_plots/svg/fastp-seq-content-gc-plot_Read_2_Before_filtering.svg",
                "multiqc/multiqc_plots/svg/fastp-seq-content-n-plot_Read_1_After_filtering.svg",
                "multiqc/multiqc_plots/svg/fastp-seq-content-n-plot_Read_1_Before_filtering.svg",
                "multiqc/multiqc_plots/svg/fastp-seq-content-n-plot_Read_2_After_filtering.svg",
                "multiqc/multiqc_plots/svg/fastp-seq-content-n-plot_Read_2_Before_filtering.svg",
                "multiqc/multiqc_plots/svg/fastp-seq-quality-plot_Read_1_After_filtering.svg",
                "multiqc/multiqc_plots/svg/fastp-seq-quality-plot_Read_1_Before_filtering.svg",
                "multiqc/multiqc_plots/svg/fastp-seq-quality-plot_Read_2_After_filtering.svg",
                "multiqc/multiqc_plots/svg/fastp-seq-quality-plot_Read_2_Before_filtering.svg",
                "multiqc/multiqc_plots/svg/fastp_filtered_reads_plot-cnt.svg",
                "multiqc/multiqc_plots/svg/fastp_filtered_reads_plot-pct.svg",
                "multiqc/multiqc_plots/svg/mosdepth-coverage-per-contig-multi-cnt.svg",
                "multiqc/multiqc_plots/svg/mosdepth-coverage-per-contig-multi-log.svg",
                "multiqc/multiqc_plots/svg/mosdepth-cumcoverage-dist-id.svg",
                "multiqc/multiqc_plots/svg/picard_alignment_readlength_plot.svg",
                "multiqc/multiqc_plots/svg/picard_alignment_summary_Aligned_Bases-cnt.svg",
                "multiqc/multiqc_plots/svg/picard_alignment_summary_Aligned_Bases-pct.svg",
                "multiqc/multiqc_plots/svg/picard_alignment_summary_Aligned_Reads-cnt.svg",
                "multiqc/multiqc_plots/svg/picard_alignment_summary_Aligned_Reads-pct.svg",
                "multiqc/multiqc_plots/svg/picard_base_distribution_by_cycle__Adenine.svg",
                "multiqc/multiqc_plots/svg/picard_base_distribution_by_cycle__Cytosine.svg",
                "multiqc/multiqc_plots/svg/picard_base_distribution_by_cycle__Guanine.svg",
                "multiqc/multiqc_plots/svg/picard_base_distribution_by_cycle__Thymine.svg",
                "multiqc/multiqc_plots/svg/picard_base_distribution_by_cycle__Undetermined.svg",
                "multiqc/multiqc_plots/svg/picard_insert_size_Counts.svg",
                "multiqc/multiqc_plots/svg/picard_insert_size_Percentages.svg",
                "multiqc/multiqc_plots/svg/picard_quality_by_cycle.svg",
                "multiqc/multiqc_plots/svg/picard_quality_score_distribution.svg",
                "multiqc/multiqc_plots/svg/rseqc_bam_stat.svg",
                "multiqc/multiqc_plots/svg/samtools-stats-dp.svg",
                "multiqc/multiqc_plots/svg/samtools_alignment_plot-cnt.svg",
                "multiqc/multiqc_plots/svg/samtools_alignment_plot-pct.svg",
                "multiqc/multiqc_report.html",
                "multiqc_mapper",
                "multiqc_mapper/unified.tsv",
                "pipeline_info",
                "pipeline_info/qc_software_mqc_versions.yml",
                "samtools",
                "samtools/ccs_bam_1.fastq.gz",
                "samtools/ccs_bam_other.fastq.gz",
                "samtools/ccs_bam_singleton.fastq.gz"
            ],
            [
                "ERR188383.stats:md5,b7f15b5cf1c16ead68ce0b69108ead62",
                "ERR188428.stats:md5,75021e45b27f24bcd5990d3428fae382",
                "ERR188454.stats:md5,b6bdd7301b388386b020cb7c90d74af5",
                "ERR204916.stats:md5,b9a70f63800642a0c802eacaab9d1319",
                "MCF7.fastp.html:md5,ba6af64ea5b2e55f81d897c372ecd4b7",
                "MCF7.fastp.json:md5,8f1b4ea09775c81ef2f20298e81dc394",
                "MCF7.fastp.log:md5,5566d71f66a50c91a327ed533defd5d8",
                "MCF7_fastqc.html:md5,0d7ee0ec6fb091b71bf5a26eca424a27",
                "MCF7_fastqc.zip:md5,e57f57daf26dc74a27b6371ce8148eb9",
                "LengthvsQualityScatterPlot_dot.html:md5,b07563ed0868d2aa65c0b3cec3a87873",
                "LengthvsQualityScatterPlot_dot.png:md5,d6ad97a364e22a166ab62322bbc78be2",
                "LengthvsQualityScatterPlot_kde.html:md5,2f497eb224c9ec33ca075e63e91dcbb0",
                "LengthvsQualityScatterPlot_kde.png:md5,eaee7c9ef97656d67a8443d78c0df806",
                "NanoPlot-report.html:md5,c9e147048f9ad88f9769a8fafbcc3922",
                "NanoStats.txt:md5,2be0b9d5d99a0fd93c7ead6c2909a6a1",
                "Non_weightedHistogramReadlength.html:md5,8f1a883f51f3e07c33c2e142a41cacee",
                "Non_weightedHistogramReadlength.png:md5,600045bcbe30d711ec1f6fc35e121c14",
                "Non_weightedLogTransformed_HistogramReadlength.html:md5,424549587e6563dea9bbfac4b232ad09",
                "Non_weightedLogTransformed_HistogramReadlength.png:md5,67727a3530ce46464006b93a8f9d4aa8",
                "WeightedHistogramReadlength.html:md5,1d93bad6779d76a2f3b1eead813e154d",
                "WeightedHistogramReadlength.png:md5,6e04a793741418c36406926a88983858",
                "WeightedLogTransformed_HistogramReadlength.html:md5,9a927a9ac4d020d1f6e9a92e10aadab9",
                "WeightedLogTransformed_HistogramReadlength.png:md5,bf86f0dc81dc37067099cfd567927ba6",
                "Yield_By_Length.html:md5,7df2c9f7abd32c0e2ef41d834408d18e",
                "Yield_By_Length.png:md5,30d87ae587f5bb84aedcddf2a3e040e3",
                "MCF7.tsv:md5,84206d017566cac04cf95672a4249d5e",
                "OSMOTIC_STRESS_T0_PE.fastp.html:md5,65df4a6f744cef0f2c9443066a29558c",
                "OSMOTIC_STRESS_T0_PE.fastp.json:md5,99e7feeb3baa72e9a2d55612c224bec1",
                "OSMOTIC_STRESS_T0_PE.fastp.log:md5,211e8e597f5ce8f79aa3f9a00538d471",
                "OSMOTIC_STRESS_T0_PE_1_fastqc.html:md5,efcccfc4549ff6e8fefa2fb54a82b67f",
                "OSMOTIC_STRESS_T0_PE_1_fastqc.zip:md5,a4283a6cf08e376dc65b8d3cefbfc06d",
                "OSMOTIC_STRESS_T0_PE_2_fastqc.html:md5,c5ef1eaf755d2607f677049444a0cda5",
                "OSMOTIC_STRESS_T0_PE_2_fastqc.zip:md5,e51eb07099373aff73fb49f03f6a2102",
                "OSMOTIC_STRESS_T0_PE.tsv:md5,314a51d53be4876ae2f87b41174d5067",
                "OSMOTIC_STRESS_T100_SE.fastp.html:md5,804dcc49583499606cef0e85663586a6",
                "OSMOTIC_STRESS_T100_SE.fastp.json:md5,159fb17ca79726fa4abbd431c8cac5df",
                "OSMOTIC_STRESS_T100_SE.fastp.log:md5,9abe9940c8ef2cf80c152fde965a8755",
                "OSMOTIC_STRESS_T100_SE_fastqc.html:md5,c9c70ccdcdff7e9e78768398544de558",
                "OSMOTIC_STRESS_T100_SE_fastqc.zip:md5,fecb9e3df5772051cabac14c421fbb17",
                "OSMOTIC_STRESS_T100_SE.tsv:md5,55ea0fb453091f8fd04ffe7e229ef99b",
                "SRR389222_sub1_fastqc.html:md5,8f573bb4db8a4878c70683018310ae41",
                "SRR389222_sub1_fastqc.zip:md5,be05974856807792b37f3796d6e98421",
                "SRR389222_sub2_1_fastqc.html:md5,3d0b0a8952502ffff9a09b5baec8ee45",
                "SRR389222_sub2_1_fastqc.zip:md5,b050a1e65cea25a52e3026139b0f9110",
                "SRR389222_sub2_2_fastqc.html:md5,827f2e857e0cbbebe7ff2566279ae8c3",
                "SRR389222_sub2_2_fastqc.zip:md5,364ca22e8f331582e02e821ba65b71f9",
                "WES_LL_N.stats:md5,70517520b40d4f41c46cd6c4e19da805",
                "WES_LL_N_2.mosdepth.global.dist.txt:md5,994eb8d102d78c8f5e4e01ed14641c42",
                "WES_LL_N_2.mosdepth.summary.txt:md5,aab8fcf098ead2d188d94742873956c8",
                "WES_LL_N_2.spp.out:md5,6bc14233c284b96f028b3b3c77d6f51b",
                "WES_LL_N_2.spp.pdf:md5,7b9bc9cf496e4615568f02a79a3f053a",
                "WES_LL_N_2.stats:md5,70517520b40d4f41c46cd6c4e19da805",
                "WES_LL_N_3.ataqv.json:md5,2215d121e3105b4bf7357af59f368835",
                "WES_LL_N_3.mosdepth.global.dist.txt:md5,994eb8d102d78c8f5e4e01ed14641c42",
                "WES_LL_N_3.mosdepth.summary.txt:md5,aab8fcf098ead2d188d94742873956c8",
                "WES_LL_N_3.CollectMultipleMetrics.alignment_summary_metrics:md5,b41631532ae7b7793b76270655563bdb",
                "WES_LL_N_3.CollectMultipleMetrics.base_distribution_by_cycle_metrics:md5,90fc425dd4f85cc812e829e14586db10",
                "WES_LL_N_3.CollectMultipleMetrics.insert_size_metrics:md5,e822a47266cd514c523b6a4be354c4f0",
                "WES_LL_N_3.CollectMultipleMetrics.quality_by_cycle_metrics:md5,ae6ed5630a8f3e58df1c7ad3d04ad322",
                "WES_LL_N_3.CollectMultipleMetrics.quality_distribution_metrics:md5,5221988d290cbdb68d7e02c49fb31289",
                "WES_LL_N_3.stats:md5,70517520b40d4f41c46cd6c4e19da805",
                "WES_LL_T.stats:md5,527923ea2e4cec038628613a300d898a",
                "WES_LL_T_2.mosdepth.global.dist.txt:md5,994eb8d102d78c8f5e4e01ed14641c42",
                "WES_LL_T_2.mosdepth.summary.txt:md5,e914878223992183c9486c8e8563a33d",
                "WES_LL_T_2.spp.out:md5,e087c48c9649c870861b65fbb536eb7f",
                "WES_LL_T_2.spp.pdf:md5,a233da736d271a8899a2b5810a6ce383",
                "WES_LL_T_2.stats:md5,527923ea2e4cec038628613a300d898a",
                "WES_LL_T_3.ataqv.json:md5,cbd5d58ef519ad01c1b0512dc67e712f",
                "WES_LL_T_3.mosdepth.global.dist.txt:md5,994eb8d102d78c8f5e4e01ed14641c42",
                "WES_LL_T_3.mosdepth.summary.txt:md5,e914878223992183c9486c8e8563a33d",
                "WES_LL_T_3.CollectMultipleMetrics.alignment_summary_metrics:md5,af667707a92dd890efaacd5bcbf84034",
                "WES_LL_T_3.CollectMultipleMetrics.base_distribution_by_cycle_metrics:md5,8a39fd54bc401d49e2dd47aa241fe6fe",
                "WES_LL_T_3.CollectMultipleMetrics.insert_size_metrics:md5,d217c8cfc361401fdc3e12f6c7ff0c1a",
                "WES_LL_T_3.CollectMultipleMetrics.quality_by_cycle_metrics:md5,0b46b0fd1a1ee4a6fa5245375c76a621",
                "WES_LL_T_3.CollectMultipleMetrics.quality_distribution_metrics:md5,b9f243906af3bb216a7ab9eee0b65abd",
                "WES_LL_T_3.stats:md5,527923ea2e4cec038628613a300d898a",
                "ccs_bam.fastplong.html:md5,aa73d78dc21e05aa8a91422845b96ee2",
                "ccs_bam.fastplong.json:md5,0a48fa351027f856e268c2b74ccc2bfa",
                "ccs_bam.fastplong.log:md5,80f33dfe070e2d0b5fd1c62ccda9ee9e",
                "ccs_fastq.fastplong.html:md5,5c207459d6cb241f3364b6e23cae127c",
                "ccs_fastq.fastplong.json:md5,78ad7d563bad646a3811c4d9a393e6e4",
                "ccs_fastq.fastplong.log:md5,3abea6a4f012a6a52319691b6e845c93",
                "ccs_fastq_fastqc.html:md5,f251530aa32c23e57f50c62260637515",
                "ccs_fastq_fastqc.zip:md5,ac75eb5145246d9efc1ff37ab0788db6",
                "ataqv_chrom_dist_Percentages.txt:md5,fd73ba2a1e06f9ef463f8ded7a3854bd",
                "ataqv_chrom_dist_Reads.txt:md5,5e162fc268998f80a61d59c219ad9609",
                "ataqv_fld_plot_Percentage.txt:md5,934ce61b7ebd2523f4bbc0a12e324e97",
                "ataqv_fld_plot_Read_Count.txt:md5,73f5a10d2908d455d46ed06703c95a41",
                "ataqv_mapq_dist.txt:md5,033f2c29e8d60d90dabc58947cd4c4a5",
                "fastp-insert-size-plot.txt:md5,75991ede448398fa19641dfe33269e24",
                "fastp-seq-content-gc-plot_Read_1_After_filtering.txt:md5,503913d43bb5f97f76b7e5f2f45bf734",
                "fastp-seq-content-gc-plot_Read_1_Before_filtering.txt:md5,925fdfc7898b166d2ce01263594f624d",
                "fastp-seq-content-gc-plot_Read_2_After_filtering.txt:md5,8715d6d81238797ace2ace18bb882ca1",
                "fastp-seq-content-gc-plot_Read_2_Before_filtering.txt:md5,969b7e7318a7b9925e45ebd9a703db94",
                "fastp-seq-content-n-plot_Read_1_After_filtering.txt:md5,fa1d1b4476a3abd498283efa73c9a39f",
                "fastp-seq-content-n-plot_Read_1_Before_filtering.txt:md5,8f5231b3043def93b2eb7c0d2a3250cc",
                "fastp-seq-content-n-plot_Read_2_After_filtering.txt:md5,023b9b3a7816eb7830dcd5687194b64e",
                "fastp-seq-content-n-plot_Read_2_Before_filtering.txt:md5,c147eeddb8e638631d8cee3e173349d4",
                "fastp-seq-quality-plot_Read_1_After_filtering.txt:md5,3e2d407811b50ba730091568cf46d7c7",
                "fastp-seq-quality-plot_Read_1_Before_filtering.txt:md5,ade455faa96861842a835ab21ee063d2",
                "fastp-seq-quality-plot_Read_2_After_filtering.txt:md5,1c95ec59fa198bbae77aacf6c9c26c87",
                "fastp-seq-quality-plot_Read_2_Before_filtering.txt:md5,93a4f53fc410a83c001ecf0db07e9a67",
                "fastp_filtered_reads_plot.txt:md5,a298a6fefac94adbac75aad744576ba5",
                "llms-full.txt:md5,25c1bf8610339271e87f332e2317fa52",
                "mosdepth-coverage-per-contig-multi.txt:md5,925dca70e72eb9a55368abbf2da2d1fc",
                "mosdepth-cumcoverage-dist-id.txt:md5,e8a73783af33373cdb5477a62bd4127b",
                "mosdepth_cov_dist.txt:md5,52e8317328842190d8df419d8006df44",
                "mosdepth_cumcov_dist.txt:md5,52e8317328842190d8df419d8006df44",
                "mosdepth_perchrom.txt:md5,14b7a0a9124aed1a7021e3ffbad91ddd",
                "multiqc.parquet:md5,6feeb90792ec7423eb2ba5aeeecfe042",
                "multiqc_ataqv.txt:md5,eef07b00ff2850977b83994976117c42",
                "multiqc_citations.txt:md5,7d7d6aca089f4535681b79c1fe53d5f7",
                "multiqc_fastp.txt:md5,d962be4cacf7c6219324acc961ecc0df",
                "multiqc_general_stats.txt:md5,d08f1c9e0ffcca0daa7fe65b0405f9cd",
                "multiqc_picard_AlignmentSummaryMetrics.txt:md5,9b1536eeb814b18bd4e8a6ef6f7e835d",
                "multiqc_picard_baseContent.txt:md5,85d40c57e844aac66e2ffd986443b9e0",
                "multiqc_picard_insertSize.txt:md5,2782259040dc60c0543311d9b1d29f38",
                "multiqc_picard_quality_by_cycle.txt:md5,12df7666e045048dbfe5b92a335d62c9",
                "multiqc_picard_quality_score_distribution.txt:md5,8df4a74b24fa558b1053566080ebc27a",
                "multiqc_rseqc_bam_stat.txt:md5,795ef6e06f464d3e467d13c0f4da24ac",
                "multiqc_samtools_stats.txt:md5,88f8e48468d8482400d835d32e87717c",
                "picard_MarkIlluminaAdapters_histogram.txt:md5,d41d8cd98f00b204e9800998ecf8427e",
                "picard_MeanQualityByCycle_histogram.txt:md5,d41d8cd98f00b204e9800998ecf8427e",
                "picard_MeanQualityByCycle_histogram_1.txt:md5,12df7666e045048dbfe5b92a335d62c9",
                "picard_QualityScoreDistribution_histogram.txt:md5,8df4a74b24fa558b1053566080ebc27a",
                "picard_alignment_readlength_plot.txt:md5,17b71cbc80d0e4281b8aa0cb6fca4010",
                "picard_alignment_summary_Aligned_Bases.txt:md5,c67ee2e2fbbadd784c392ca70ef64b09",
                "picard_alignment_summary_Aligned_Reads.txt:md5,d1db6f1094fa9f1eea082ed8286e9145",
                "picard_base_distribution_by_cycle__Adenine.txt:md5,6fe84a01d99a7a08d993f19f85d93c9d",
                "picard_base_distribution_by_cycle__Cytosine.txt:md5,9b33966796baa4bdb2e7a4831dba66c8",
                "picard_base_distribution_by_cycle__Guanine.txt:md5,1e3f40370ed3a9f4507d4262512c675e",
                "picard_base_distribution_by_cycle__Thymine.txt:md5,66e95fd20f50c4f8990cddb8842ecac2",
                "picard_base_distribution_by_cycle__Undetermined.txt:md5,7f6aefe342ee095ff92f9f70ed0924f9",
                "picard_insert_size_Counts.txt:md5,0352c795de5d3807cf46d877b9e5bd6e",
                "picard_insert_size_Percentages.txt:md5,4c642469e278a2ff4d9dba90ce25659d",
                "picard_quality_by_cycle.txt:md5,914efa3ccf8430610a9809c46d88c87f",
                "picard_quality_score_distribution.txt:md5,cf1438eba476b4694e25a5d18c4d47e2",
                "rseqc_bam_stat.txt:md5,908c58823d8f368e385cf0f921d1690b",
                "samtools-stats-dp.txt:md5,c4508664e3d517f8b1027799b0a62b12",
                "samtools_alignment_plot.txt:md5,47b787cae2b3028574bab64b4d277def",
                "unified.tsv:md5,4be4306a2ed30a9e2773ed3b0b550aac",
                "ccs_bam_1.fastq.gz:md5,d41d8cd98f00b204e9800998ecf8427e",
                "ccs_bam_other.fastq.gz:md5,ce026e6b05113c474da0ef6570fbb04c",
                "ccs_bam_singleton.fastq.gz:md5,d41d8cd98f00b204e9800998ecf8427e"
            ]
        ],
        "timestamp": "2026-03-18T15:40:40.032549108",
        "meta": {
            "nf-test": "0.9.4",
            "nextflow": "25.10.4"
        }
    }
}